Archive member included because of file (symbol)

.\CortexM0\ARM_GCC_484\Debug\PSoC_4_BLE_CapSense_Proximity.a(cyfitter_cfg.o)
                              .\CortexM0\ARM_GCC_484\Debug\Cm0Start.o (cyfitter_cfg)
.\CortexM0\ARM_GCC_484\Debug\PSoC_4_BLE_CapSense_Proximity.a(BLE.o)
                              .\CortexM0\ARM_GCC_484\Debug\main.o (CyBle_Start)
.\CortexM0\ARM_GCC_484\Debug\PSoC_4_BLE_CapSense_Proximity.a(BLE_gatt.o)
                              .\CortexM0\ARM_GCC_484\Debug\BLEApplications.o (cyBle_state)
.\CortexM0\ARM_GCC_484\Debug\PSoC_4_BLE_CapSense_Proximity.a(BLE_eventHandler.o)
                              .\CortexM0\ARM_GCC_484\Debug\PSoC_4_BLE_CapSense_Proximity.a(BLE.o) (cyBle_eventHandlerFlag)
.\CortexM0\ARM_GCC_484\Debug\PSoC_4_BLE_CapSense_Proximity.a(CapSense.o)
                              .\CortexM0\ARM_GCC_484\Debug\main.o (CapSense_Start)
.\CortexM0\ARM_GCC_484\Debug\PSoC_4_BLE_CapSense_Proximity.a(CapSense_CSHL.o)
                              .\CortexM0\ARM_GCC_484\Debug\PSoC_4_BLE_CapSense_Proximity.a(CapSense.o) (CapSense_rawDataIndex)
.\CortexM0\ARM_GCC_484\Debug\PSoC_4_BLE_CapSense_Proximity.a(CapSense_INT.o)
                              .\CortexM0\ARM_GCC_484\Debug\PSoC_4_BLE_CapSense_Proximity.a(CapSense.o) (CapSense_ISR)
.\CortexM0\ARM_GCC_484\Debug\PSoC_4_BLE_CapSense_Proximity.a(CapSense_SMS.o)
                              .\CortexM0\ARM_GCC_484\Debug\PSoC_4_BLE_CapSense_Proximity.a(CapSense_CSHL.o) (CapSense_config)
.\CortexM0\ARM_GCC_484\Debug\PSoC_4_BLE_CapSense_Proximity.a(Status_LED.o)
                              .\CortexM0\ARM_GCC_484\Debug\BLEApplications.o (Status_LED_Write)
.\CortexM0\ARM_GCC_484\Debug\PSoC_4_BLE_CapSense_Proximity.a(CapSense_SampleClk.o)
                              .\CortexM0\ARM_GCC_484\Debug\PSoC_4_BLE_CapSense_Proximity.a(CapSense.o) (CapSense_SampleClk_StartEx)
.\CortexM0\ARM_GCC_484\Debug\PSoC_4_BLE_CapSense_Proximity.a(CapSense_SenseClk.o)
                              .\CortexM0\ARM_GCC_484\Debug\PSoC_4_BLE_CapSense_Proximity.a(CapSense.o) (CapSense_SenseClk_StartEx)
.\CortexM0\ARM_GCC_484\Debug\PSoC_4_BLE_CapSense_Proximity.a(CyBootAsmGnu.o)
                              .\CortexM0\ARM_GCC_484\Debug\PSoC_4_BLE_CapSense_Proximity.a(cyfitter_cfg.o) (CyDelayCycles)
.\CortexM0\ARM_GCC_484\Debug\PSoC_4_BLE_CapSense_Proximity.a(CyLib.o)
                              .\CortexM0\ARM_GCC_484\Debug\PSoC_4_BLE_CapSense_Proximity.a(cyfitter_cfg.o) (CySysClkWriteImoFreq)
C:\Program Files (x86)\Cypress\PSoC Creator\3.2\PSoC Creator\psoc\content\cycomponentlibrary\CyComponentLibrary.cylib\BLE_v1_10\Library\gccCyBLEStack_BLE_SOC_PERIPHERAL.a(CyBle.o)
                              .\CortexM0\ARM_GCC_484\Debug\main.o (CyBle_ProcessEvents)
C:\Program Files (x86)\Cypress\PSoC Creator\3.2\PSoC Creator\psoc\content\cycomponentlibrary\CyComponentLibrary.cylib\BLE_v1_10\Library\gccCyBLEStack_BLE_SOC_PERIPHERAL.a(CyBleStackMgrIP_Interface.o)
                              C:\Program Files (x86)\Cypress\PSoC Creator\3.2\PSoC Creator\psoc\content\cycomponentlibrary\CyComponentLibrary.cylib\BLE_v1_10\Library\gccCyBLEStack_BLE_SOC_PERIPHERAL.a(CyBle.o) (CyBleStackMgr_BleGetConfigData)
C:\Program Files (x86)\Cypress\PSoC Creator\3.2\PSoC Creator\psoc\content\cycomponentlibrary\CyComponentLibrary.cylib\BLE_v1_10\Library\gccCyBLEStack_BLE_SOC_PERIPHERAL.a(BT_os.o)
                              C:\Program Files (x86)\Cypress\PSoC Creator\3.2\PSoC Creator\psoc\content\cycomponentlibrary\CyComponentLibrary.cylib\BLE_v1_10\Library\gccCyBLEStack_BLE_SOC_PERIPHERAL.a(CyBleStackMgrIP_Interface.o) (bt_stack_init_os)
C:\Program Files (x86)\Cypress\PSoC Creator\3.2\PSoC Creator\psoc\content\cycomponentlibrary\CyComponentLibrary.cylib\BLE_v1_10\Library\gccCyBLEStack_BLE_SOC_PERIPHERAL.a(CyBleStackMgr_StackTaskHandler.o)
                              C:\Program Files (x86)\Cypress\PSoC Creator\3.2\PSoC Creator\psoc\content\cycomponentlibrary\CyComponentLibrary.cylib\BLE_v1_10\Library\gccCyBLEStack_BLE_SOC_PERIPHERAL.a(CyBleStackMgrIP_Interface.o) (CyBle_CreateBleStackTask)
C:\Program Files (x86)\Cypress\PSoC Creator\3.2\PSoC Creator\psoc\content\cycomponentlibrary\CyComponentLibrary.cylib\BLE_v1_10\Library\gccCyBLEStack_BLE_SOC_PERIPHERAL.a(transport_sf.o)
                              C:\Program Files (x86)\Cypress\PSoC Creator\3.2\PSoC Creator\psoc\content\cycomponentlibrary\CyComponentLibrary.cylib\BLE_v1_10\Library\gccCyBLEStack_BLE_SOC_PERIPHERAL.a(CyBleStackMgr_StackTaskHandler.o) (hci_soft_transport_notify_data_received)
C:\Program Files (x86)\Cypress\PSoC Creator\3.2\PSoC Creator\psoc\content\cycomponentlibrary\CyComponentLibrary.cylib\BLE_v1_10\Library\gccCyBLEStack_BLE_SOC_PERIPHERAL.a(CyBleStackMgr_PSoCHal.o)
[...]
Memory Configuration

Name             Origin             Length             Attributes
rom              0x00000000         0x00020000         xr
ram              0x20000000         0x00004000         xrw
*default*        0x00000000         0xffffffff

Linker script and memory map

LOAD c:/program files (x86)/cypress/psoc creator/3.2/psoc creator/import/gnu/arm/4.8.4/bin/../lib/gcc/arm-none-eabi/4.8.4/armv6-m/crti.o
LOAD c:/program files (x86)/cypress/psoc creator/3.2/psoc creator/import/gnu/arm/4.8.4/bin/../lib/gcc/arm-none-eabi/4.8.4/armv6-m/crtbegin.o
LOAD c:/program files (x86)/cypress/psoc creator/3.2/psoc creator/import/gnu/arm/4.8.4/bin/../lib/gcc/arm-none-eabi/4.8.4/../../../../arm-none-eabi/lib/armv6-m/crt0.o
START GROUP
LOAD .\CortexM0\ARM_GCC_484\Debug\main.o
LOAD .\CortexM0\ARM_GCC_484\Debug\BLEApplications.o
LOAD .\CortexM0\ARM_GCC_484\Debug\cymetadata.o
LOAD .\CortexM0\ARM_GCC_484\Debug\Cm0Start.o
LOAD .\CortexM0\ARM_GCC_484\Debug\PSoC_4_BLE_CapSense_Proximity.a
LOAD C:\Program Files (x86)\Cypress\PSoC Creator\3.2\PSoC Creator\psoc\content\cycomponentlibrary\CyComponentLibrary.cylib\BLE_v1_10\Library\gccCyBLEStack_BLE_SOC_PERIPHERAL.a
LOAD C:\Program Files (x86)\Cypress\PSoC Creator\3.2\PSoC Creator\psoc\content\cycomponentlibrary\CyComponentLibrary.cylib\CapSense_CSD_P4_v2_10\PSoC4\Library\CapsenseP4Library_GCC.a
LOAD C:\Program Files (x86)\Cypress\PSoC Creator\3.2\PSoC Creator\psoc\content\cycomponentlibrary\CyComponentLibrary.cylib\CortexM0\ARM_GCC_484\Debug\CyComponentLibrary.a
END GROUP
START GROUP
LOAD c:/program files (x86)/cypress/psoc creator/3.2/psoc creator/import/gnu/arm/4.8.4/bin/../lib/gcc/arm-none-eabi/4.8.4/armv6-m\libgcc.a
LOAD c:/program files (x86)/cypress/psoc creator/3.2/psoc creator/import/gnu/arm/4.8.4/bin/../lib/gcc/arm-none-eabi/4.8.4/../../../../arm-none-eabi/lib/armv6-m\libg_s.a
LOAD c:/program files (x86)/cypress/psoc creator/3.2/psoc creator/import/gnu/arm/4.8.4/bin/../lib/gcc/arm-none-eabi/4.8.4/../../../../arm-none-eabi/lib/armv6-m\libc_s.a
END GROUP
START GROUP
LOAD c:/program files (x86)/cypress/psoc creator/3.2/psoc creator/import/gnu/arm/4.8.4/bin/../lib/gcc/arm-none-eabi/4.8.4/armv6-m\libgcc.a
LOAD c:/program files (x86)/cypress/psoc creator/3.2/psoc creator/import/gnu/arm/4.8.4/bin/../lib/gcc/arm-none-eabi/4.8.4/../../../../arm-none-eabi/lib/armv6-m\libc_s.a
END GROUP
LOAD c:/program files (x86)/cypress/psoc creator/3.2/psoc creator/import/gnu/arm/4.8.4/bin/../lib/gcc/arm-none-eabi/4.8.4/armv6-m/crtend.o
LOAD c:/program files (x86)/cypress/psoc creator/3.2/psoc creator/import/gnu/arm/4.8.4/bin/../lib/gcc/arm-none-eabi/4.8.4/armv6-m/crtn.o
START GROUP
LOAD c:/program files (x86)/cypress/psoc creator/3.2/psoc creator/import/gnu/arm/4.8.4/bin/../lib/gcc/arm-none-eabi/4.8.4/armv6-m\libgcc.a
LOAD c:/program files (x86)/cypress/psoc creator/3.2/psoc creator/import/gnu/arm/4.8.4/bin/../lib/gcc/arm-none-eabi/4.8.4/../../../../arm-none-eabi/lib/armv6-m\libc.a
LOAD c:/program files (x86)/cypress/psoc creator/3.2/psoc creator/import/gnu/arm/4.8.4/bin/../lib/gcc/arm-none-eabi/4.8.4/../../../../arm-none-eabi/lib/armv6-m\libnosys.a
END GROUP
                0x00000000                CY_APPL_ORIGIN = 0x0
                0x00000080                CY_FLASH_ROW_SIZE = 0x80
                0x00000001                CY_APPL_NUM = 0x1
                0x00000040                CY_METADATA_SIZE = 0x40
                0x20002570                PROVIDE (__cy_heap_start, _end)
                0x00000001                PROVIDE (__cy_region_num, ((__cy_regions_end - __cy_regions) / 0x10))
                0x20004000                PROVIDE (__cy_stack, (ORIGIN (ram) + 0x4000))
                0x20003800                PROVIDE (__cy_heap_end, (__cy_stack - 0x800))

.cybootloader   0x00000000        0x0
 *(.cybootloader)
                0x00000000                appl1_start = CY_APPL_ORIGIN?CY_APPL_ORIGIN:ALIGN (CY_FLASH_ROW_SIZE)
                0x0000ff80                appl2_start = (appl1_start + ALIGN ((((0x20000 - appl1_start) - (0x2 * CY_FLASH_ROW_SIZE)) / 0x2), CY_FLASH_ROW_SIZE))
                0x00000000                appl_start = (CY_APPL_NUM == 0x1)?appl1_start:appl2_start

.text           0x00000000     0x2aa4
 CREATE_OBJECT_SYMBOLS
                0x00000000                PROVIDE (__cy_interrupt_vector, RomVectors)
 *(.romvectors)
 .romvectors    0x00000000       0x10 .\CortexM0\ARM_GCC_484\Debug\Cm0Start.o
                0x00000000                RomVectors
                0x00000001                ASSERT ((. != __cy_interrupt_vector), No interrupt vector)
                0x00000001                ASSERT (CY_APPL_ORIGIN?(SIZEOF (.cybootloader) <= CY_APPL_ORIGIN):0x1, Wrong image location)
                0x00000010                PROVIDE (__cy_reset, Reset)
 *(.text.Reset)
 .text.Reset    0x00000010        0x8 .\CortexM0\ARM_GCC_484\Debug\Cm0Start.o
                0x00000010                Reset
                0x00000001                ASSERT ((. != __cy_reset), No reset code)
 *(.psocinit)
 .psocinit      0x00000018      0x21c .\CortexM0\ARM_GCC_484\Debug\PSoC_4_BLE_CapSense_Proximity.a(cyfitter_cfg.o)
                0x00000104                cyfitter_cfg
                0x00000234                . = MAX (., 0x100)
 *(.text .text.* .gnu.linkonce.t.*)
 .text          0x00000234       0x60 c:/program files (x86)/cypress/psoc creator/3.2/psoc creator/import/gnu/arm/4.8.4/bin/../lib/gcc/arm-none-eabi/4.8.4/armv6-m/crtbegin.o
 .text.main     0x00000294       0x68 .\CortexM0\ARM_GCC_484\Debug\main.o
                0x00000294                main
 .text.InitializeSystem
                0x000002fc       0x28 .\CortexM0\ARM_GCC_484\Debug\main.o
                0x000002fc                InitializeSystem
 .text.HandleCapSenseProximity
                0x00000324       0x58 .\CortexM0\ARM_GCC_484\Debug\main.o
                0x00000324                HandleCapSenseProximity
 .text.CustomEventHandler
                0x0000037c       0xd4 .\CortexM0\ARM_GCC_484\Debug\BLEApplications.o
                0x0000037c                CustomEventHandler
 .text.SendDataOverCapSenseNotification
                0x00000450       0x48 .\CortexM0\ARM_GCC_484\Debug\BLEApplications.o
                0x00000450                SendDataOverCapSenseNotification
 .text.UpdateNotificationCCCD
                0x00000498       0x5c .\CortexM0\ARM_GCC_484\Debug\BLEApplications.o
                0x00000498                UpdateNotificationCCCD
 .text.HandleStatusLED
                0x000004f4       0xc4 .\CortexM0\ARM_GCC_484\Debug\BLEApplications.o
                0x000004f4                HandleStatusLED
 .text.IntDefaultHandler
                0x000005b8        0x8 .\CortexM0\ARM_GCC_484\Debug\Cm0Start.o
                0x000005b8                IntDefaultHandler
 .text.Start_c  0x000005c0       0x98 .\CortexM0\ARM_GCC_484\Debug\Cm0Start.o
                0x000005c0                Start_c
 .text.initialize_psoc
                0x00000658       0x70 .\CortexM0\ARM_GCC_484\Debug\Cm0Start.o
                0x00000658                initialize_psoc
 .text.CYMEMZERO
                0x000006c8       0x20 .\CortexM0\ARM_GCC_484\Debug\PSoC_4_BLE_CapSense_Proximity.a(cyfitter_cfg.o)
 .text.cfg_write_bytes32
                0x000006e8       0x80 .\CortexM0\ARM_GCC_484\Debug\PSoC_4_BLE_CapSense_Proximity.a(cyfitter_cfg.o)
 .text.AnalogSetDefault
                0x00000768       0x2c .\CortexM0\ARM_GCC_484\Debug\PSoC_4_BLE_CapSense_Proximity.a(cyfitter_cfg.o)
 .text.SetAnalogRoutingPumps
                0x00000794       0x70 .\CortexM0\ARM_GCC_484\Debug\PSoC_4_BLE_CapSense_Proximity.a(cyfitter_cfg.o)
                0x00000794                SetAnalogRoutingPumps
 .text.CyBle_Init
                0x00000804       0x2c .\CortexM0\ARM_GCC_484\Debug\PSoC_4_BLE_CapSense_Proximity.a(BLE.o)
                0x00000804                CyBle_Init
 .text.CyBle_ServiceInit
                0x00000830        0x8 .\CortexM0\ARM_GCC_484\Debug\PSoC_4_BLE_CapSense_Proximity.a(BLE.o)
                0x00000830                CyBle_ServiceInit
 .text.CyBle_Start
                0x00000838       0x90 .\CortexM0\ARM_GCC_484\Debug\PSoC_4_BLE_CapSense_Proximity.a(BLE.o)
                0x00000838                CyBle_Start
 .text.CyBle_GappStartAdvertisement
                0x000008c8       0xc8 .\CortexM0\ARM_GCC_484\Debug\PSoC_4_BLE_CapSense_Proximity.a(BLE.o)
                0x000008c8                CyBle_GappStartAdvertisement
 .text.CyBle_Get16ByPtr
                0x00000990       0x24 .\CortexM0\ARM_GCC_484\Debug\PSoC_4_BLE_CapSense_Proximity.a(BLE.o)
                0x00000990                CyBle_Get16ByPtr
 .text.CyBle_GattsWriteEventHandler
                0x000009b4       0xa0 .\CortexM0\ARM_GCC_484\Debug\PSoC_4_BLE_CapSense_Proximity.a(BLE_gatt.o)
                0x000009b4                CyBle_GattsWriteEventHandler
 .text.CyBle_WriteReqHandler
                0x00000a54       0x70 .\CortexM0\ARM_GCC_484\Debug\PSoC_4_BLE_CapSense_Proximity.a(BLE_eventHandler.o)
 .text.CyBle_ValueConfirmation
                0x00000ac4       0x10 .\CortexM0\ARM_GCC_484\Debug\PSoC_4_BLE_CapSense_Proximity.a(BLE_eventHandler.o)
 .text.CyBle_GattDisconnectEventHandler
                0x00000ad4       0x18 .\CortexM0\ARM_GCC_484\Debug\PSoC_4_BLE_CapSense_Proximity.a(BLE_eventHandler.o)
 .text.CyBle_TimeOutEventHandler
                0x00000aec       0x10 .\CortexM0\ARM_GCC_484\Debug\PSoC_4_BLE_CapSense_Proximity.a(BLE_eventHandler.o)
 .text.CyBle_GattConnectReqHandler
                0x00000afc        0x8 .\CortexM0\ARM_GCC_484\Debug\PSoC_4_BLE_CapSense_Proximity.a(BLE_eventHandler.o)
 .text.CyBle_IsDeviceAddressValid
                0x00000b04       0x60 .\CortexM0\ARM_GCC_484\Debug\PSoC_4_BLE_CapSense_Proximity.a(BLE_eventHandler.o)
 .text.CyBle_L2Cap_ConnParamUpdateRspEventHandler
                0x00000b64       0x14 .\CortexM0\ARM_GCC_484\Debug\PSoC_4_BLE_CapSense_Proximity.a(BLE_eventHandler.o)
 .text.CyBle_GapConnUpdateCompleteEventHandler
                0x00000b78       0x10 .\CortexM0\ARM_GCC_484\Debug\PSoC_4_BLE_CapSense_Proximity.a(BLE_eventHandler.o)
 .text.CyBle_EventHandler
                0x00000b88      0x288 .\CortexM0\ARM_GCC_484\Debug\PSoC_4_BLE_CapSense_Proximity.a(BLE_eventHandler.o)
                0x00000b88                CyBle_EventHandler
 .text.CapSense_Init
                0x00000e10       0x3c .\CortexM0\ARM_GCC_484\Debug\PSoC_4_BLE_CapSense_Proximity.a(CapSense.o)
                0x00000e10                CapSense_Init
 .text.CapSense_CsdHwBlockInit
                0x00000e4c       0xbc .\CortexM0\ARM_GCC_484\Debug\PSoC_4_BLE_CapSense_Proximity.a(CapSense.o)
                0x00000e4c                CapSense_CsdHwBlockInit
 .text.CapSense_Enable
                0x00000f08       0x54 .\CortexM0\ARM_GCC_484\Debug\PSoC_4_BLE_CapSense_Proximity.a(CapSense.o)
                0x00000f08                CapSense_Enable
 .text.CapSense_Start
                0x00000f5c       0x44 .\CortexM0\ARM_GCC_484\Debug\PSoC_4_BLE_CapSense_Proximity.a(CapSense.o)
                0x00000f5c                CapSense_Start
 .text.CapSense_FindNextSensor
                0x00000fa0       0x48 .\CortexM0\ARM_GCC_484\Debug\PSoC_4_BLE_CapSense_Proximity.a(CapSense.o)
                0x00000fa0                CapSense_FindNextSensor
 .text.CapSense_ScanSensor
                0x00000fe8       0x34 .\CortexM0\ARM_GCC_484\Debug\PSoC_4_BLE_CapSense_Proximity.a(CapSense.o)
                0x00000fe8                CapSense_ScanSensor
 .text.CapSense_ScanWidget
                0x0000101c       0xdc .\CortexM0\ARM_GCC_484\Debug\PSoC_4_BLE_CapSense_Proximity.a(CapSense.o)
                0x0000101c                CapSense_ScanWidget
 .text.CapSense_IsBusy
                0x000010f8       0x1c .\CortexM0\ARM_GCC_484\Debug\PSoC_4_BLE_CapSense_Proximity.a(CapSense.o)
                0x000010f8                CapSense_IsBusy
 .text.CapSense_ReadSensorRaw
                0x00001114       0x1c .\CortexM0\ARM_GCC_484\Debug\PSoC_4_BLE_CapSense_Proximity.a(CapSense.o)
                0x00001114                CapSense_ReadSensorRaw
 .text.CapSense_ClearSensors
                0x00001130       0x28 .\CortexM0\ARM_GCC_484\Debug\PSoC_4_BLE_CapSense_Proximity.a(CapSense.o)
                0x00001130                CapSense_ClearSensors
 .text.CapSense_EnableSensor
                0x00001158       0xb4 .\CortexM0\ARM_GCC_484\Debug\PSoC_4_BLE_CapSense_Proximity.a(CapSense.o)
                0x00001158                CapSense_EnableSensor
 .text.CapSense_DisableSensor
                0x0000120c      0x100 .\CortexM0\ARM_GCC_484\Debug\PSoC_4_BLE_CapSense_Proximity.a(CapSense.o)
                0x0000120c                CapSense_DisableSensor
 .text.CapSense_PreScan
                0x0000130c      0x1c8 .\CortexM0\ARM_GCC_484\Debug\PSoC_4_BLE_CapSense_Proximity.a(CapSense.o)
                0x0000130c                CapSense_PreScan
 .text.CapSense_PostScan
                0x000014d4       0xbc .\CortexM0\ARM_GCC_484\Debug\PSoC_4_BLE_CapSense_Proximity.a(CapSense.o)
                0x000014d4                CapSense_PostScan
 .text.CapSense_SetShieldDelay
                0x00001590       0x30 .\CortexM0\ARM_GCC_484\Debug\PSoC_4_BLE_CapSense_Proximity.a(CapSense.o)
                0x00001590                CapSense_SetShieldDelay
 .text.CapSense_GetBitValue
                0x000015c0       0x44 .\CortexM0\ARM_GCC_484\Debug\PSoC_4_BLE_CapSense_Proximity.a(CapSense.o)
                0x000015c0                CapSense_GetBitValue
 .text.CapSense_SetBitValue
                0x00001604       0x68 .\CortexM0\ARM_GCC_484\Debug\PSoC_4_BLE_CapSense_Proximity.a(CapSense.o)
                0x00001604                CapSense_SetBitValue
 .text.CapSense_GetSensorRaw
                0x0000166c       0x50 .\CortexM0\ARM_GCC_484\Debug\PSoC_4_BLE_CapSense_Proximity.a(CapSense.o)
                0x0000166c                CapSense_GetSensorRaw
 .text.CapSense_BaseInit
                0x000016bc       0x84 .\CortexM0\ARM_GCC_484\Debug\PSoC_4_BLE_CapSense_Proximity.a(CapSense_CSHL.o)
                0x000016bc                CapSense_BaseInit
 .text.CapSense_InitializeSensorBaseline
                0x00001740       0x2c .\CortexM0\ARM_GCC_484\Debug\PSoC_4_BLE_CapSense_Proximity.a(CapSense_CSHL.o)
                0x00001740                CapSense_InitializeSensorBaseline
 .text.CapSense_InitializeAllBaselines
                0x0000176c       0x28 .\CortexM0\ARM_GCC_484\Debug\PSoC_4_BLE_CapSense_Proximity.a(CapSense_CSHL.o)
                0x0000176c                CapSense_InitializeAllBaselines
 .text.CapSense_UpdateBaselineNoThreshold
                0x00001794      0x228 .\CortexM0\ARM_GCC_484\Debug\PSoC_4_BLE_CapSense_Proximity.a(CapSense_CSHL.o)
                0x00001794                CapSense_UpdateBaselineNoThreshold
 .text.CapSense_UpdateSensorBaseline
                0x000019bc       0x20 .\CortexM0\ARM_GCC_484\Debug\PSoC_4_BLE_CapSense_Proximity.a(CapSense_CSHL.o)
                0x000019bc                CapSense_UpdateSensorBaseline
 .text.CapSense_UpdateEnabledBaselines
                0x000019dc       0x40 .\CortexM0\ARM_GCC_484\Debug\PSoC_4_BLE_CapSense_Proximity.a(CapSense_CSHL.o)
                0x000019dc                CapSense_UpdateEnabledBaselines
 .text.CapSense_GetDiffCountData
                0x00001a1c       0x1c .\CortexM0\ARM_GCC_484\Debug\PSoC_4_BLE_CapSense_Proximity.a(CapSense_CSHL.o)
                0x00001a1c                CapSense_GetDiffCountData
 .text.CapSense_EnableWidget
                0x00001a38       0x5c .\CortexM0\ARM_GCC_484\Debug\PSoC_4_BLE_CapSense_Proximity.a(CapSense_CSHL.o)
                0x00001a38                CapSense_EnableWidget
 .text.CapSense_IIR4Filter
                0x00001a94       0x3c .\CortexM0\ARM_GCC_484\Debug\PSoC_4_BLE_CapSense_Proximity.a(CapSense_CSHL.o)
                0x00001a94                CapSense_IIR4Filter
 .text.CapSense_ISR
                0x00001ad0       0xd4 .\CortexM0\ARM_GCC_484\Debug\PSoC_4_BLE_CapSense_Proximity.a(CapSense_INT.o)
                0x00001ad0                CapSense_ISR
 .text.CapSense_AutoTune
                0x00001ba4       0xf4 .\CortexM0\ARM_GCC_484\Debug\PSoC_4_BLE_CapSense_Proximity.a(CapSense_SMS.o)
                0x00001ba4                CapSense_AutoTune
 .text.CapSense_UpdateThresholds
                0x00001c98       0x70 .\CortexM0\ARM_GCC_484\Debug\PSoC_4_BLE_CapSense_Proximity.a(CapSense_SMS.o)
                0x00001c98                CapSense_UpdateThresholds
 .text.CapSense_SetAnalogSwitchesSrcDirect
                0x00001d08       0x18 .\CortexM0\ARM_GCC_484\Debug\PSoC_4_BLE_CapSense_Proximity.a(CapSense_SMS.o)
                0x00001d08                CapSense_SetAnalogSwitchesSrcDirect
 .text.CapSense_DisableBaselineIDAC
                0x00001d20       0x34 .\CortexM0\ARM_GCC_484\Debug\PSoC_4_BLE_CapSense_Proximity.a(CapSense_SMS.o)
                0x00001d20                CapSense_DisableBaselineIDAC
 .text.CapSense_EnableBaselineIDAC
                0x00001d54       0x8c .\CortexM0\ARM_GCC_484\Debug\PSoC_4_BLE_CapSense_Proximity.a(CapSense_SMS.o)
                0x00001d54                CapSense_EnableBaselineIDAC
 .text.Status_LED_Write
                0x00001de0       0x4c .\CortexM0\ARM_GCC_484\Debug\PSoC_4_BLE_CapSense_Proximity.a(Status_LED.o)
                0x00001de0                Status_LED_Write
 .text.Status_LED_SetDriveMode
                0x00001e2c       0x30 .\CortexM0\ARM_GCC_484\Debug\PSoC_4_BLE_CapSense_Proximity.a(Status_LED.o)
                0x00001e2c                Status_LED_SetDriveMode
 .text.Status_LED_Read
                0x00001e5c       0x1c .\CortexM0\ARM_GCC_484\Debug\PSoC_4_BLE_CapSense_Proximity.a(Status_LED.o)
                0x00001e5c                Status_LED_Read
 .text.CapSense_SampleClk_StartEx
                0x00001e78       0x2c .\CortexM0\ARM_GCC_484\Debug\PSoC_4_BLE_CapSense_Proximity.a(CapSense_SampleClk.o)
                0x00001e78                CapSense_SampleClk_StartEx
 .text.CapSense_SampleClk_Stop
                0x00001ea4       0x20 .\CortexM0\ARM_GCC_484\Debug\PSoC_4_BLE_CapSense_Proximity.a(CapSense_SampleClk.o)
                0x00001ea4                CapSense_SampleClk_Stop
 .text.CapSense_SampleClk_SetFractionalDividerRegister
                0x00001ec4       0x44 .\CortexM0\ARM_GCC_484\Debug\PSoC_4_BLE_CapSense_Proximity.a(CapSense_SampleClk.o)
                0x00001ec4                CapSense_SampleClk_SetFractionalDividerRegister
 .text.CapSense_SenseClk_StartEx
                0x00001f08       0x2c .\CortexM0\ARM_GCC_484\Debug\PSoC_4_BLE_CapSense_Proximity.a(CapSense_SenseClk.o)
                0x00001f08                CapSense_SenseClk_StartEx
 .text.CapSense_SenseClk_Stop
                0x00001f34       0x20 .\CortexM0\ARM_GCC_484\Debug\PSoC_4_BLE_CapSense_Proximity.a(CapSense_SenseClk.o)
                0x00001f34                CapSense_SenseClk_Stop
 .text.CapSense_SenseClk_SetFractionalDividerRegister
                0x00001f54       0x44 .\CortexM0\ARM_GCC_484\Debug\PSoC_4_BLE_CapSense_Proximity.a(CapSense_SenseClk.o)
                0x00001f54                CapSense_SenseClk_SetFractionalDividerRegister
 .text          0x00001f98       0x20 .\CortexM0\ARM_GCC_484\Debug\PSoC_4_BLE_CapSense_Proximity.a(CyBootAsmGnu.o)
                0x00001f98                CyDelayCycles
                0x00001faa                CyEnterCriticalSection
                0x00001fb2                CyExitCriticalSection
 .text.CySysClkWcoSetHighPowerMode
                0x00001fb8       0x3c .\CortexM0\ARM_GCC_484\Debug\PSoC_4_BLE_CapSense_Proximity.a(CyLib.o)
 .text.CySysClkWcoSetLowPowerMode
                0x00001ff4       0x48 .\CortexM0\ARM_GCC_484\Debug\PSoC_4_BLE_CapSense_Proximity.a(CyLib.o)
 .text.CySysClkWriteImoFreq
                0x0000203c      0x1e0 .\CortexM0\ARM_GCC_484\Debug\PSoC_4_BLE_CapSense_Proximity.a(CyLib.o)
                0x0000203c                CySysClkWriteImoFreq
 .text.CySysClkEcoStart
                0x0000221c       0x74 .\CortexM0\ARM_GCC_484\Debug\PSoC_4_BLE_CapSense_Proximity.a(CyLib.o)
                0x0000221c                CySysClkEcoStart
 .text.CySysClkEcoReadStatus
                0x00002290       0x18 .\CortexM0\ARM_GCC_484\Debug\PSoC_4_BLE_CapSense_Proximity.a(CyLib.o)
                0x00002290                CySysClkEcoReadStatus
 .text.CySysClkWcoStart
                0x000022a8       0x20 .\CortexM0\ARM_GCC_484\Debug\PSoC_4_BLE_CapSense_Proximity.a(CyLib.o)
                0x000022a8                CySysClkWcoStart
 .text.CySysClkWcoSetPowerMode
                0x000022c8       0x40 .\CortexM0\ARM_GCC_484\Debug\PSoC_4_BLE_CapSense_Proximity.a(CyLib.o)
                0x000022c8                CySysClkWcoSetPowerMode
 .text.CyIntSetVector
                0x00002308       0x4c .\CortexM0\ARM_GCC_484\Debug\PSoC_4_BLE_CapSense_Proximity.a(CyLib.o)
                0x00002308                CyIntSetVector
 .text.CyIntSetPriority
                0x00002354       0xa8 .\CortexM0\ARM_GCC_484\Debug\PSoC_4_BLE_CapSense_Proximity.a(CyLib.o)
                0x00002354                CyIntSetPriority
 .text.CyIntEnable
                0x000023fc       0x2c .\CortexM0\ARM_GCC_484\Debug\PSoC_4_BLE_CapSense_Proximity.a(CyLib.o)
                0x000023fc                CyIntEnable
 .text.CyIntDisable
                0x00002428       0x2c .\CortexM0\ARM_GCC_484\Debug\PSoC_4_BLE_CapSense_Proximity.a(CyLib.o)
                0x00002428                CyIntDisable
 .text.CyHalt   0x00002454       0x14 .\CortexM0\ARM_GCC_484\Debug\PSoC_4_BLE_CapSense_Proximity.a(CyLib.o)
                0x00002454                CyHalt
 .text.CyDelayUs
                0x00002468       0x28 .\CortexM0\ARM_GCC_484\Debug\PSoC_4_BLE_CapSense_Proximity.a(CyLib.o)
                0x00002468                CyDelayUs
 .text.CalibrateOneDAC_P4_v2_10
                0x00002490       0x44 C:\Program Files (x86)\Cypress\PSoC Creator\3.2\PSoC Creator\psoc\content\cycomponentlibrary\CyComponentLibrary.cylib\CapSense_CSD_P4_v2_10\PSoC4\Library\CapsenseP4Library_GCC.a(CSD_P4_SmartSense_v2_10.o)
                0x00002490                CalibrateOneDAC_P4_v2_10
 .text.CalibrateSensors_P4_v2_10
                0x000024d4       0x22 C:\Program Files (x86)\Cypress\PSoC Creator\3.2\PSoC Creator\psoc\content\cycomponentlibrary\CyComponentLibrary.cylib\CapSense_CSD_P4_v2_10\PSoC4\Library\CapsenseP4Library_GCC.a(CSD_P4_SmartSense_v2_10.o)
                0x000024d4                CalibrateSensors_P4_v2_10
 *fill*         0x000024f6        0x2 
 .text.TunePrescalers_P4_v2_10
                0x000024f8       0x48 C:\Program Files (x86)\Cypress\PSoC Creator\3.2\PSoC Creator\psoc\content\cycomponentlibrary\CyComponentLibrary.cylib\CapSense_CSD_P4_v2_10\PSoC4\Library\CapsenseP4Library_GCC.a(CSD_P4_SmartSense_v2_10.o)
                0x000024f8                TunePrescalers_P4_v2_10
 .text.TuneSensitivity_P4_v2_10
                0x00002540      0x100 C:\Program Files (x86)\Cypress\PSoC Creator\3.2\PSoC Creator\psoc\content\cycomponentlibrary\CyComponentLibrary.cylib\CapSense_CSD_P4_v2_10\PSoC4\Library\CapsenseP4Library_GCC.a(CSD_P4_SmartSense_v2_10.o)
                0x00002540                TuneSensitivity_P4_v2_10
 .text.MeasureNoiseEnvelope_P4_v2_10
                0x00002640      0x118 C:\Program Files (x86)\Cypress\PSoC Creator\3.2\PSoC Creator\psoc\content\cycomponentlibrary\CyComponentLibrary.cylib\CapSense_CSD_P4_v2_10\PSoC4\Library\CapsenseP4Library_GCC.a(CSD_P4_SmartSense_v2_10.o)
                0x00002640                MeasureNoiseEnvelope_P4_v2_10
 .text.CyBLE_Bless_LlRegWrite
                0x00002758       0x1c .\CortexM0\ARM_GCC_484\Debug\PSoC_4_BLE_CapSense_Proximity.a(BLE_HAL_PVT.o)
                0x00002758                CyBLE_Bless_LlRegWrite
 .text.CyBLE_Bless_RfRegWrite
                0x00002774       0x1c .\CortexM0\ARM_GCC_484\Debug\PSoC_4_BLE_CapSense_Proximity.a(BLE_HAL_PVT.o)
                0x00002774                CyBLE_Bless_RfRegWrite
 .text.CyBleHal_DelayUs
                0x00002790       0x1c .\CortexM0\ARM_GCC_484\Debug\PSoC_4_BLE_CapSense_Proximity.a(BLE_HAL_PVT.o)
                0x00002790                CyBleHal_DelayUs
 .text.CyBleHal_EnableGlobalInterrupts
                0x000027ac        0xc .\CortexM0\ARM_GCC_484\Debug\PSoC_4_BLE_CapSense_Proximity.a(BLE_HAL_PVT.o)
                0x000027ac                CyBleHal_EnableGlobalInterrupts
 .text.CyBleHal_DisableGlobalInterrupts
                0x000027b8        0xc .\CortexM0\ARM_GCC_484\Debug\PSoC_4_BLE_CapSense_Proximity.a(BLE_HAL_PVT.o)
                0x000027b8                CyBleHal_DisableGlobalInterrupts
 .text.CyBle_HalInit
                0x000027c4       0x20 .\CortexM0\ARM_GCC_484\Debug\PSoC_4_BLE_CapSense_Proximity.a(BLE_HAL_PVT.o)
                0x000027c4                CyBle_HalInit
 .text.CYBLE_BlessStart
                0x000027e4       0x14 .\CortexM0\ARM_GCC_484\Debug\PSoC_4_BLE_CapSense_Proximity.a(BLE_HAL_PVT.o)
                0x000027e4                CYBLE_BlessStart
 .text.BLE_bless_isr_StartEx
                0x000027f8       0x24 .\CortexM0\ARM_GCC_484\Debug\PSoC_4_BLE_CapSense_Proximity.a(BLE_bless_isr.o)
                0x000027f8                BLE_bless_isr_StartEx
 .text.BLE_bless_isr_SetVector
                0x0000281c       0x18 .\CortexM0\ARM_GCC_484\Debug\PSoC_4_BLE_CapSense_Proximity.a(BLE_bless_isr.o)
                0x0000281c                BLE_bless_isr_SetVector
 .text.BLE_bless_isr_SetPriority
                0x00002834       0x50 .\CortexM0\ARM_GCC_484\Debug\PSoC_4_BLE_CapSense_Proximity.a(BLE_bless_isr.o)
                0x00002834                BLE_bless_isr_SetPriority
 .text.BLE_bless_isr_Enable
                0x00002884       0x14 .\CortexM0\ARM_GCC_484\Debug\PSoC_4_BLE_CapSense_Proximity.a(BLE_bless_isr.o)
                0x00002884                BLE_bless_isr_Enable
 .text.BLE_bless_isr_Disable
                0x00002898       0x14 .\CortexM0\ARM_GCC_484\Debug\PSoC_4_BLE_CapSense_Proximity.a(BLE_bless_isr.o)
                0x00002898                BLE_bless_isr_Disable
 .text.CyBLE_Bless_Interrupt
                0x000028ac        0xc .\CortexM0\ARM_GCC_484\Debug\PSoC_4_BLE_CapSense_Proximity.a(BLE_HAL_INT.o)
                0x000028ac                CyBLE_Bless_Interrupt
 .text          0x000028b8       0x9c c:/program files (x86)/cypress/psoc creator/3.2/psoc creator/import/gnu/arm/4.8.4/bin/../lib/gcc/arm-none-eabi/4.8.4/armv6-m\libgcc.a(_udivsi3.o)
                0x000028b8                __aeabi_uidiv
                0x000028b8                __udivsi3
                0x00002940                __aeabi_uidivmod
 .text          0x00002954       0xc0 c:/program files (x86)/cypress/psoc creator/3.2/psoc creator/import/gnu/arm/4.8.4/bin/../lib/gcc/arm-none-eabi/4.8.4/armv6-m\libgcc.a(_divsi3.o)
                0x00002954                __divsi3
                0x00002954                __aeabi_idiv
                0x00002a00                __aeabi_idivmod
 .text          0x00002a14        0x4 c:/program files (x86)/cypress/psoc creator/3.2/psoc creator/import/gnu/arm/4.8.4/bin/../lib/gcc/arm-none-eabi/4.8.4/armv6-m\libgcc.a(_dvmd_tls.o)
                0x00002a14                __aeabi_idiv0
                0x00002a14                __aeabi_ldiv0
 .text.__libc_init_array
                0x00002a18       0x4c c:/program files (x86)/cypress/psoc creator/3.2/psoc creator/import/gnu/arm/4.8.4/bin/../lib/gcc/arm-none-eabi/4.8.4/../../../../arm-none-eabi/lib/armv6-m\libg_s.a(lib_a-init.o)
                0x00002a18                __libc_init_array
 .text.memcmp   0x00002a64       0x1e c:/program files (x86)/cypress/psoc creator/3.2/psoc creator/import/gnu/arm/4.8.4/bin/../lib/gcc/arm-none-eabi/4.8.4/../../../../arm-none-eabi/lib/armv6-m\libg_s.a(lib_a-memcmp.o)
                0x00002a64                memcmp
 .text.memcpy   0x00002a82       0x12 c:/program files (x86)/cypress/psoc creator/3.2/psoc creator/import/gnu/arm/4.8.4/bin/../lib/gcc/arm-none-eabi/4.8.4/../../../../arm-none-eabi/lib/armv6-m\libg_s.a(lib_a-memcpy-stub.o)
                0x00002a82                memcpy
 .text.memset   0x00002a94       0x10 c:/program files (x86)/cypress/psoc creator/3.2/psoc creator/import/gnu/arm/4.8.4/bin/../lib/gcc/arm-none-eabi/4.8.4/../../../../arm-none-eabi/lib/armv6-m\libg_s.a(lib_a-memset.o)
                0x00002a94                memset
 *(.plt)
 *(.gnu.warning)
 *(.glue_7t)
 .glue_7t       0x00000000        0x0 linker stubs
 *(.glue_7)
 .glue_7        0x00000000        0x0 linker stubs
 *(.vfp11_veneer)
 .vfp11_veneer  0x00000000        0x0 linker stubs
 *(.bootloader)
 *(.ARM.extab* .gnu.linkonce.armextab.*)
 *(.gcc_except_table)

.v4_bx          0x00002aa4        0x0
 .v4_bx         0x00000000        0x0 linker stubs

.iplt           0x00002aa4        0x0
 .iplt          0x00000000        0x0 c:/program files (x86)/cypress/psoc creator/3.2/psoc creator/import/gnu/arm/4.8.4/bin/../lib/gcc/arm-none-eabi/4.8.4/armv6-m/crtbegin.o

i.CyBle_ExitLPM
                0x00002aa4        0x8
 i.CyBle_ExitLPM
                0x00002aa4        0x8 C:\Program Files (x86)\Cypress\PSoC Creator\3.2\PSoC Creator\psoc\content\cycomponentlibrary\CyComponentLibrary.cylib\BLE_v1_10\Library\gccCyBLEStack_BLE_SOC_PERIPHERAL.a(CyBle.o)
                0x00002aa4                CyBle_ExitLPM

i.CyBle_ProcessEvents
                0x00002aac        0x8
 i.CyBle_ProcessEvents
                0x00002aac        0x8 C:\Program Files (x86)\Cypress\PSoC Creator\3.2\PSoC Creator\psoc\content\cycomponentlibrary\CyComponentLibrary.cylib\BLE_v1_10\Library\gccCyBLEStack_BLE_SOC_PERIPHERAL.a(CyBle.o)
                0x00002aac                CyBle_ProcessEvents

i.CyBle_SetDeviceAddress
                0x00002ab4       0x24
 i.CyBle_SetDeviceAddress
                0x00002ab4       0x24 C:\Program Files (x86)\Cypress\PSoC Creator\3.2\PSoC Creator\psoc\content\cycomponentlibrary\CyComponentLibrary.cylib\BLE_v1_10\Library\gccCyBLEStack_BLE_SOC_PERIPHERAL.a(CyBle.o)
                0x00002ab4                CyBle_SetDeviceAddress

i.CyBle_StackInit
                0x00002ad8       0x84
 i.CyBle_StackInit
                0x00002ad8       0x84 C:\Program Files (x86)\Cypress\PSoC Creator\3.2\PSoC Creator\psoc\content\cycomponentlibrary\CyComponentLibrary.cylib\BLE_v1_10\Library\gccCyBLEStack_BLE_SOC_PERIPHERAL.a(CyBle.o)
                0x00002ad8                CyBle_StackInit

i.CyBleStackMgr_BleGetConfigData
                0x00002b5c        0x4
 i.CyBleStackMgr_BleGetConfigData
                0x00002b5c        0x4 C:\Program Files (x86)\Cypress\PSoC Creator\3.2\PSoC Creator\psoc\content\cycomponentlibrary\CyComponentLibrary.cylib\BLE_v1_10\Library\gccCyBLEStack_BLE_SOC_PERIPHERAL.a(CyBleStackMgrIP_Interface.o)
                0x00002b5c                CyBleStackMgr_BleGetConfigData

i.CyBleStackMgr_BleSetConfigData
                0x00002b60        0x4
 i.CyBleStackMgr_BleSetConfigData
                0x00002b60        0x4 C:\Program Files (x86)\Cypress\PSoC Creator\3.2\PSoC Creator\psoc\content\cycomponentlibrary\CyComponentLibrary.cylib\BLE_v1_10\Library\gccCyBLEStack_BLE_SOC_PERIPHERAL.a(CyBleStackMgrIP_Interface.o)
                0x00002b60                CyBleStackMgr_BleSetConfigData

i.CyBleStackMgr_Init
                0x00002b64      0x104
 i.CyBleStackMgr_Init
                0x00002b64      0x104 C:\Program Files (x86)\Cypress\PSoC Creator\3.2\PSoC Creator\psoc\content\cycomponentlibrary\CyComponentLibrary.cylib\BLE_v1_10\Library\gccCyBLEStack_BLE_SOC_PERIPHERAL.a(CyBleStackMgrIP_Interface.o)
                0x00002b64                CyBleStackMgr_Init

i.CyBleStackMgr_ProcessBleEvents
                0x00002c68       0x14
 i.CyBleStackMgr_ProcessBleEvents
                0x00002c68       0x14 C:\Program Files (x86)\Cypress\PSoC Creator\3.2\PSoC Creator\psoc\content\cycomponentlibrary\CyComponentLibrary.cylib\BLE_v1_10\Library\gccCyBLEStack_BLE_SOC_PERIPHERAL.a(CyBleStackMgrIP_Interface.o)
                0x00002c68                CyBleStackMgr_ProcessBleEvents

i.ble_stack_idle_task_callback
                0x00002c7c        0x2
 i.ble_stack_idle_task_callback
                0x00002c7c        0x2 C:\Program Files (x86)\Cypress\PSoC Creator\3.2\PSoC Creator\psoc\content\cycomponentlibrary\CyComponentLibrary.cylib\BLE_v1_10\Library\gccCyBLEStack_BLE_SOC_PERIPHERAL.a(CyBleStackMgrIP_Interface.o)
                0x00002c7c                ble_stack_idle_task_callback

i.BT_OSFreeBuf  0x00002c80       0x18
 i.BT_OSFreeBuf
                0x00002c80       0x18 C:\Program Files (x86)\Cypress\PSoC Creator\3.2\PSoC Creator\psoc\content\cycomponentlibrary\CyComponentLibrary.cylib\BLE_v1_10\Library\gccCyBLEStack_BLE_SOC_PERIPHERAL.a(BT_os.o)
                0x00002c80                BT_OSFreeBuf

i.BT_OSGetBuF   0x00002c98       0x1c
 i.BT_OSGetBuF  0x00002c98       0x1c C:\Program Files (x86)\Cypress\PSoC Creator\3.2\PSoC Creator\psoc\content\cycomponentlibrary\CyComponentLibrary.cylib\BLE_v1_10\Library\gccCyBLEStack_BLE_SOC_PERIPHERAL.a(BT_os.o)
                0x00002c98                BT_OSGetBuF

i.BT_OSMemCreate
                0x00002cb4       0x1c
 i.BT_OSMemCreate
                0x00002cb4       0x1c C:\Program Files (x86)\Cypress\PSoC Creator\3.2\PSoC Creator\psoc\content\cycomponentlibrary\CyComponentLibrary.cylib\BLE_v1_10\Library\gccCyBLEStack_BLE_SOC_PERIPHERAL.a(BT_os.o)
                0x00002cb4                BT_OSMemCreate

i.BT_alloc_mem_ext
                0x00002cd0       0x34
 i.BT_alloc_mem_ext
                0x00002cd0       0x34 C:\Program Files (x86)\Cypress\PSoC Creator\3.2\PSoC Creator\psoc\content\cycomponentlibrary\CyComponentLibrary.cylib\BLE_v1_10\Library\gccCyBLEStack_BLE_SOC_PERIPHERAL.a(BT_os.o)
                0x00002cd0                BT_alloc_mem_ext

i.BT_free_mem   0x00002d04        0xc
 i.BT_free_mem  0x00002d04        0xc C:\Program Files (x86)\Cypress\PSoC Creator\3.2\PSoC Creator\psoc\content\cycomponentlibrary\CyComponentLibrary.cylib\BLE_v1_10\Library\gccCyBLEStack_BLE_SOC_PERIPHERAL.a(BT_os.o)
                0x00002d04                BT_free_mem

i.bt_stack_init_os
                0x00002d10       0x34
 i.bt_stack_init_os
                0x00002d10       0x34 C:\Program Files (x86)\Cypress\PSoC Creator\3.2\PSoC Creator\psoc\content\cycomponentlibrary\CyComponentLibrary.cylib\BLE_v1_10\Library\gccCyBLEStack_BLE_SOC_PERIPHERAL.a(BT_os.o)
                0x00002d10                bt_stack_init_os

i.CyBle_CheckBleStackTaskStatus
                0x00002d44        0x4
 i.CyBle_CheckBleStackTaskStatus
                0x00002d44        0x4 C:\Program Files (x86)\Cypress\PSoC Creator\3.2\PSoC Creator\psoc\content\cycomponentlibrary\CyComponentLibrary.cylib\BLE_v1_10\Library\gccCyBLEStack_BLE_SOC_PERIPHERAL.a(CyBleStackMgr_StackTaskHandler.o)
                0x00002d44                CyBle_CheckBleStackTaskStatus

i.CyBle_CreateBleStackTask
                0x00002d48       0x2c
 i.CyBle_CreateBleStackTask
                0x00002d48       0x2c C:\Program Files (x86)\Cypress\PSoC Creator\3.2\PSoC Creator\psoc\content\cycomponentlibrary\CyComponentLibrary.cylib\BLE_v1_10\Library\gccCyBLEStack_BLE_SOC_PERIPHERAL.a(CyBleStackMgr_StackTaskHandler.o)
                0x00002d48                CyBle_CreateBleStackTask

i.CyBle_SignalBleStackTask
                0x00002d74       0x50
 i.CyBle_SignalBleStackTask
                0x00002d74       0x50 C:\Program Files (x86)\Cypress\PSoC Creator\3.2\PSoC Creator\psoc\content\cycomponentlibrary\CyComponentLibrary.cylib\BLE_v1_10\Library\gccCyBLEStack_BLE_SOC_PERIPHERAL.a(CyBleStackMgr_StackTaskHandler.o)
                0x00002d74                CyBle_SignalBleStackTask

i.CyBle_StackTaskHandler
                0x00002dc4       0x5c
 i.CyBle_StackTaskHandler
                0x00002dc4       0x5c C:\Program Files (x86)\Cypress\PSoC Creator\3.2\PSoC Creator\psoc\content\cycomponentlibrary\CyComponentLibrary.cylib\BLE_v1_10\Library\gccCyBLEStack_BLE_SOC_PERIPHERAL.a(CyBleStackMgr_StackTaskHandler.o)
                0x00002dc4                CyBle_StackTaskHandler

i.__ARM_common_switch8
                0x00002e20       0x1a
 i.__ARM_common_switch8
                0x00002e20       0x1a C:\Program Files (x86)\Cypress\PSoC Creator\3.2\PSoC Creator\psoc\content\cycomponentlibrary\CyComponentLibrary.cylib\BLE_v1_10\Library\gccCyBLEStack_BLE_SOC_PERIPHERAL.a(CyBleStackMgr_StackTaskHandler.o)
                0x00002e20                __ARM_common_switch8

i.hci_soft_transport_notify_data_received
                0x00002e3c        0xc
 i.hci_soft_transport_notify_data_received
                0x00002e3c        0xc C:\Program Files (x86)\Cypress\PSoC Creator\3.2\PSoC Creator\psoc\content\cycomponentlibrary\CyComponentLibrary.cylib\BLE_v1_10\Library\gccCyBLEStack_BLE_SOC_PERIPHERAL.a(transport_sf.o)
                0x00002e3c                hci_soft_transport_notify_data_received

i.hci_soft_transport_rx_data
                0x00002e48       0x30
 i.hci_soft_transport_rx_data
                0x00002e48       0x30 C:\Program Files (x86)\Cypress\PSoC Creator\3.2\PSoC Creator\psoc\content\cycomponentlibrary\CyComponentLibrary.cylib\BLE_v1_10\Library\gccCyBLEStack_BLE_SOC_PERIPHERAL.a(transport_sf.o)
                0x00002e48                hci_soft_transport_rx_data

i.hci_transport_bt_init
                0x00002e78        0x2
 i.hci_transport_bt_init
                0x00002e78        0x2 C:\Program Files (x86)\Cypress\PSoC Creator\3.2\PSoC Creator\psoc\content\cycomponentlibrary\CyComponentLibrary.cylib\BLE_v1_10\Library\gccCyBLEStack_BLE_SOC_PERIPHERAL.a(transport_sf.o)
                0x00002e78                hci_transport_bt_init

i.hci_transport_init
                0x00002e7c       0x10
 i.hci_transport_init
                0x00002e7c       0x10 C:\Program Files (x86)\Cypress\PSoC Creator\3.2\PSoC Creator\psoc\content\cycomponentlibrary\CyComponentLibrary.cylib\BLE_v1_10\Library\gccCyBLEStack_BLE_SOC_PERIPHERAL.a(transport_sf.o)
                0x00002e7c                hci_transport_init

i.hci_transport_write_data
                0x00002e8c       0xd4
 i.hci_transport_write_data
                0x00002e8c       0xd4 C:\Program Files (x86)\Cypress\PSoC Creator\3.2\PSoC Creator\psoc\content\cycomponentlibrary\CyComponentLibrary.cylib\BLE_v1_10\Library\gccCyBLEStack_BLE_SOC_PERIPHERAL.a(transport_sf.o)
                0x00002e8c                hci_transport_write_data

i.pf_hci_soft_transport_write
                0x00002f60       0x74
 i.pf_hci_soft_transport_write
                0x00002f60       0x74 C:\Program Files (x86)\Cypress\PSoC Creator\3.2\PSoC Creator\psoc\content\cycomponentlibrary\CyComponentLibrary.cylib\BLE_v1_10\Library\gccCyBLEStack_BLE_SOC_PERIPHERAL.a(transport_sf.o)
                0x00002f60                pf_hci_soft_transport_write

i.pf_soft_hci_transport_init
                0x00002fd4        0xc
 i.pf_soft_hci_transport_init
                0x00002fd4        0xc C:\Program Files (x86)\Cypress\PSoC Creator\3.2\PSoC Creator\psoc\content\cycomponentlibrary\CyComponentLibrary.cylib\BLE_v1_10\Library\gccCyBLEStack_BLE_SOC_PERIPHERAL.a(transport_sf.o)
                0x00002fd4                pf_soft_hci_transport_init

i.CyBleStackMgr_GetTime
                0x00002fe0       0x14
 i.CyBleStackMgr_GetTime
                0x00002fe0       0x14 C:\Program Files (x86)\Cypress\PSoC Creator\3.2\PSoC Creator\psoc\content\cycomponentlibrary\CyComponentLibrary.cylib\BLE_v1_10\Library\gccCyBLEStack_BLE_SOC_PERIPHERAL.a(CyBleStackMgr_PSoCHal.o)
                0x00002fe0                CyBleStackMgr_GetTime

i.CyBleStackMgr_HalInit
                0x00002ff4       0x24
 i.CyBleStackMgr_HalInit
                0x00002ff4       0x24 C:\Program Files (x86)\Cypress\PSoC Creator\3.2\PSoC Creator\psoc\content\cycomponentlibrary\CyComponentLibrary.cylib\BLE_v1_10\Library\gccCyBLEStack_BLE_SOC_PERIPHERAL.a(CyBleStackMgr_PSoCHal.o)
                0x00002ff4                CyBleStackMgr_HalInit

i.CyBleStackMgr_HalIntrEnable
                0x00003018        0x8
 i.CyBleStackMgr_HalIntrEnable
                0x00003018        0x8 C:\Program Files (x86)\Cypress\PSoC Creator\3.2\PSoC Creator\psoc\content\cycomponentlibrary\CyComponentLibrary.cylib\BLE_v1_10\Library\gccCyBLEStack_BLE_SOC_PERIPHERAL.a(CyBleStackMgr_PSoCHal.o)
                0x00003018                CyBleStackMgr_HalIntrEnable

i.CyBleStackMgr_HandleLinkLayerTick
                0x00003020       0x5c
 i.CyBleStackMgr_HandleLinkLayerTick
                0x00003020       0x5c C:\Program Files (x86)\Cypress\PSoC Creator\3.2\PSoC Creator\psoc\content\cycomponentlibrary\CyComponentLibrary.cylib\BLE_v1_10\Library\gccCyBLEStack_BLE_SOC_PERIPHERAL.a(CyBleStackMgr_PSoCHal.o)
                0x00003020                CyBleStackMgr_HandleLinkLayerTick

i.CyBleStackMgr_HciPortInit
                0x0000307c        0xc
 i.CyBleStackMgr_HciPortInit
                0x0000307c        0xc C:\Program Files (x86)\Cypress\PSoC Creator\3.2\PSoC Creator\psoc\content\cycomponentlibrary\CyComponentLibrary.cylib\BLE_v1_10\Library\gccCyBLEStack_BLE_SOC_PERIPHERAL.a(CyBleStackMgr_PSoCHal.o)
                0x0000307c                CyBleStackMgr_HciPortInit

i.CyBleStackMgr_HciPortReset
                0x00003088        0x2
 i.CyBleStackMgr_HciPortReset
                0x00003088        0x2 C:\Program Files (x86)\Cypress\PSoC Creator\3.2\PSoC Creator\psoc\content\cycomponentlibrary\CyComponentLibrary.cylib\BLE_v1_10\Library\gccCyBLEStack_BLE_SOC_PERIPHERAL.a(CyBleStackMgr_PSoCHal.o)
                0x00003088                CyBleStackMgr_HciPortReset

i.CyBleStackMgr_HciPortWrite
                0x0000308a        0x8
 i.CyBleStackMgr_HciPortWrite
                0x0000308a        0x8 C:\Program Files (x86)\Cypress\PSoC Creator\3.2\PSoC Creator\psoc\content\cycomponentlibrary\CyComponentLibrary.cylib\BLE_v1_10\Library\gccCyBLEStack_BLE_SOC_PERIPHERAL.a(CyBleStackMgr_PSoCHal.o)
                0x0000308a                CyBleStackMgr_HciPortWrite

i.CyBleStackMgr_ResetLinkLayerTimerEntity
                0x00003094       0x14
 i.CyBleStackMgr_ResetLinkLayerTimerEntity
                0x00003094       0x14 C:\Program Files (x86)\Cypress\PSoC Creator\3.2\PSoC Creator\psoc\content\cycomponentlibrary\CyComponentLibrary.cylib\BLE_v1_10\Library\gccCyBLEStack_BLE_SOC_PERIPHERAL.a(CyBleStackMgr_PSoCHal.o)
                0x00003094                CyBleStackMgr_ResetLinkLayerTimerEntity

i.CyBleStackMgr_TimerStart
                0x000030a8       0x2c
 i.CyBleStackMgr_TimerStart
                0x000030a8       0x2c C:\Program Files (x86)\Cypress\PSoC Creator\3.2\PSoC Creator\psoc\content\cycomponentlibrary\CyComponentLibrary.cylib\BLE_v1_10\Library\gccCyBLEStack_BLE_SOC_PERIPHERAL.a(CyBleStackMgr_PSoCHal.o)
                0x000030a8                CyBleStackMgr_TimerStart

i.CyBleStackMgr_TimerStop
                0x000030d4       0x18
 i.CyBleStackMgr_TimerStop
                0x000030d4       0x18 C:\Program Files (x86)\Cypress\PSoC Creator\3.2\PSoC Creator\psoc\content\cycomponentlibrary\CyComponentLibrary.cylib\BLE_v1_10\Library\gccCyBLEStack_BLE_SOC_PERIPHERAL.a(CyBleStackMgr_PSoCHal.o)
                0x000030d4                CyBleStackMgr_TimerStop

i.CyBleStackMgr_isTimerRunning
                0x000030ec       0x10
 i.CyBleStackMgr_isTimerRunning
                0x000030ec       0x10 C:\Program Files (x86)\Cypress\PSoC Creator\3.2\PSoC Creator\psoc\content\cycomponentlibrary\CyComponentLibrary.cylib\BLE_v1_10\Library\gccCyBLEStack_BLE_SOC_PERIPHERAL.a(CyBleStackMgr_PSoCHal.o)
                0x000030ec                CyBleStackMgr_isTimerRunning

i.CyBleAtlantisRadioInit
                0x000030fc      0x1ac
 i.CyBleAtlantisRadioInit
                0x000030fc      0x1ac C:\Program Files (x86)\Cypress\PSoC Creator\3.2\PSoC Creator\psoc\content\cycomponentlibrary\CyComponentLibrary.cylib\BLE_v1_10\Library\gccCyBLEStack_BLE_SOC_PERIPHERAL.a(CyBleStackMgr_BleSSDriver.o)

i.CyBleStackMgr_BleSSFifoRead
                0x000032a8       0x38
 i.CyBleStackMgr_BleSSFifoRead
                0x000032a8       0x38 C:\Program Files (x86)\Cypress\PSoC Creator\3.2\PSoC Creator\psoc\content\cycomponentlibrary\CyComponentLibrary.cylib\BLE_v1_10\Library\gccCyBLEStack_BLE_SOC_PERIPHERAL.a(CyBleStackMgr_BleSSDriver.o)
                0x000032a8                CyBleStackMgr_BleSSFifoRead

i.CyBleStackMgr_BleSSFifoWrite
                0x000032e0       0x30
 i.CyBleStackMgr_BleSSFifoWrite
                0x000032e0       0x30 C:\Program Files (x86)\Cypress\PSoC Creator\3.2\PSoC Creator\psoc\content\cycomponentlibrary\CyComponentLibrary.cylib\BLE_v1_10\Library\gccCyBLEStack_BLE_SOC_PERIPHERAL.a(CyBleStackMgr_BleSSDriver.o)
                0x000032e0                CyBleStackMgr_BleSSFifoWrite

i.CyBleStackMgr_BleSSInit
                0x00003310       0x50
 i.CyBleStackMgr_BleSSInit
                0x00003310       0x50 C:\Program Files (x86)\Cypress\PSoC Creator\3.2\PSoC Creator\psoc\content\cycomponentlibrary\CyComponentLibrary.cylib\BLE_v1_10\Library\gccCyBLEStack_BLE_SOC_PERIPHERAL.a(CyBleStackMgr_BleSSDriver.o)
                0x00003310                CyBleStackMgr_BleSSInit

i.CyBleStackMgr_BleSSMemRead
                0x00003360       0x26
 i.CyBleStackMgr_BleSSMemRead
                0x00003360       0x26 C:\Program Files (x86)\Cypress\PSoC Creator\3.2\PSoC Creator\psoc\content\cycomponentlibrary\CyComponentLibrary.cylib\BLE_v1_10\Library\gccCyBLEStack_BLE_SOC_PERIPHERAL.a(CyBleStackMgr_BleSSDriver.o)
                0x00003360                CyBleStackMgr_BleSSMemRead

i.CyBleStackMgr_BleSSMemWrite
                0x00003388       0x34
 i.CyBleStackMgr_BleSSMemWrite
                0x00003388       0x34 C:\Program Files (x86)\Cypress\PSoC Creator\3.2\PSoC Creator\psoc\content\cycomponentlibrary\CyComponentLibrary.cylib\BLE_v1_10\Library\gccCyBLEStack_BLE_SOC_PERIPHERAL.a(CyBleStackMgr_BleSSDriver.o)
                0x00003388                CyBleStackMgr_BleSSMemWrite

i.CyBleStackMgr_BleSSRegRead
                0x000033bc        0xc
 i.CyBleStackMgr_BleSSRegRead
                0x000033bc        0xc C:\Program Files (x86)\Cypress\PSoC Creator\3.2\PSoC Creator\psoc\content\cycomponentlibrary\CyComponentLibrary.cylib\BLE_v1_10\Library\gccCyBLEStack_BLE_SOC_PERIPHERAL.a(CyBleStackMgr_BleSSDriver.o)
                0x000033bc                CyBleStackMgr_BleSSRegRead

i.CyBleStackMgr_BleSSRegWrite
                0x000033c8        0xc
 i.CyBleStackMgr_BleSSRegWrite
                0x000033c8        0xc C:\Program Files (x86)\Cypress\PSoC Creator\3.2\PSoC Creator\psoc\content\cycomponentlibrary\CyComponentLibrary.cylib\BLE_v1_10\Library\gccCyBLEStack_BLE_SOC_PERIPHERAL.a(CyBleStackMgr_BleSSDriver.o)
                0x000033c8                CyBleStackMgr_BleSSRegWrite

i.CyBleStackMgr_BleSSReset
                0x000033d4       0x2c
 i.CyBleStackMgr_BleSSReset
                0x000033d4       0x2c C:\Program Files (x86)\Cypress\PSoC Creator\3.2\PSoC Creator\psoc\content\cycomponentlibrary\CyComponentLibrary.cylib\BLE_v1_10\Library\gccCyBLEStack_BLE_SOC_PERIPHERAL.a(CyBleStackMgr_BleSSDriver.o)
                0x000033d4                CyBleStackMgr_BleSSReset

i.CyBleStackMgr_GenericIface
                0x00003400       0x3c
 i.CyBleStackMgr_GenericIface
                0x00003400       0x3c C:\Program Files (x86)\Cypress\PSoC Creator\3.2\PSoC Creator\psoc\content\cycomponentlibrary\CyComponentLibrary.cylib\BLE_v1_10\Library\gccCyBLEStack_BLE_SOC_PERIPHERAL.a(CyBleStackMgr_BleSSDriver.o)
                0x00003400                CyBleStackMgr_GenericIface

i.CyBleStackMgr_HandleBleSSIntr
                0x0000343c       0x94
 i.CyBleStackMgr_HandleBleSSIntr
                0x0000343c       0x94 C:\Program Files (x86)\Cypress\PSoC Creator\3.2\PSoC Creator\psoc\content\cycomponentlibrary\CyComponentLibrary.cylib\BLE_v1_10\Library\gccCyBLEStack_BLE_SOC_PERIPHERAL.a(CyBleStackMgr_BleSSDriver.o)
                0x0000343c                CyBleStackMgr_HandleBleSSIntr

i.CyBleStackMgr_SetClockParam
                0x000034d0       0xb4
 i.CyBleStackMgr_SetClockParam
                0x000034d0       0xb4 C:\Program Files (x86)\Cypress\PSoC Creator\3.2\PSoC Creator\psoc\content\cycomponentlibrary\CyComponentLibrary.cylib\BLE_v1_10\Library\gccCyBLEStack_BLE_SOC_PERIPHERAL.a(CyBleStackMgr_BleSSDriver.o)

i.CyBle_ExitDsmMode
                0x00003584       0x2c
 i.CyBle_ExitDsmMode
                0x00003584       0x2c C:\Program Files (x86)\Cypress\PSoC Creator\3.2\PSoC Creator\psoc\content\cycomponentlibrary\CyComponentLibrary.cylib\BLE_v1_10\Library\gccCyBLEStack_BLE_SOC_PERIPHERAL.a(CyBleStackMgr_BleSSDriver.o)
                0x00003584                CyBle_ExitDsmMode

i.CyBle_GetBleSsOperationalMode
                0x000035b0        0xc
 i.CyBle_GetBleSsOperationalMode
                0x000035b0        0xc C:\Program Files (x86)\Cypress\PSoC Creator\3.2\PSoC Creator\psoc\content\cycomponentlibrary\CyComponentLibrary.cylib\BLE_v1_10\Library\gccCyBLEStack_BLE_SOC_PERIPHERAL.a(CyBleStackMgr_BleSSDriver.o)
                0x000035b0                CyBle_GetBleSsOperationalMode

i.CyBle_GetLpMode
                0x000035bc       0x26
 i.CyBle_GetLpMode
                0x000035bc       0x26 C:\Program Files (x86)\Cypress\PSoC Creator\3.2\PSoC Creator\psoc\content\cycomponentlibrary\CyComponentLibrary.cylib\BLE_v1_10\Library\gccCyBLEStack_BLE_SOC_PERIPHERAL.a(CyBleStackMgr_BleSSDriver.o)
                0x000035bc                CyBle_GetLpMode

i.CyBle_GetTxGainMode
                0x000035e4       0x2c
 i.CyBle_GetTxGainMode
                0x000035e4       0x2c C:\Program Files (x86)\Cypress\PSoC Creator\3.2\PSoC Creator\psoc\content\cycomponentlibrary\CyComponentLibrary.cylib\BLE_v1_10\Library\gccCyBLEStack_BLE_SOC_PERIPHERAL.a(CyBleStackMgr_BleSSDriver.o)
                0x000035e4                CyBle_GetTxGainMode

i.CyBle_SetBleSsOperationalMode
                0x00003610       0x20
 i.CyBle_SetBleSsOperationalMode
                0x00003610       0x20 C:\Program Files (x86)\Cypress\PSoC Creator\3.2\PSoC Creator\psoc\content\cycomponentlibrary\CyComponentLibrary.cylib\BLE_v1_10\Library\gccCyBLEStack_BLE_SOC_PERIPHERAL.a(CyBleStackMgr_BleSSDriver.o)
                0x00003610                CyBle_SetBleSsOperationalMode

i.CyBle_SetEventCloseState
                0x00003630        0xc
 i.CyBle_SetEventCloseState
                0x00003630        0xc C:\Program Files (x86)\Cypress\PSoC Creator\3.2\PSoC Creator\psoc\content\cycomponentlibrary\CyComponentLibrary.cylib\BLE_v1_10\Library\gccCyBLEStack_BLE_SOC_PERIPHERAL.a(CyBleStackMgr_BleSSDriver.o)
                0x00003630                CyBle_SetEventCloseState

i.CyBle_SetTxGainMode
                0x0000363c       0x38
 i.CyBle_SetTxGainMode
                0x0000363c       0x38 C:\Program Files (x86)\Cypress\PSoC Creator\3.2\PSoC Creator\psoc\content\cycomponentlibrary\CyComponentLibrary.cylib\BLE_v1_10\Library\gccCyBLEStack_BLE_SOC_PERIPHERAL.a(CyBleStackMgr_BleSSDriver.o)
                0x0000363c                CyBle_SetTxGainMode

i.pf_rf_get_abs_rssi
                0x00003674       0x24
 i.pf_rf_get_abs_rssi
                0x00003674       0x24 C:\Program Files (x86)\Cypress\PSoC Creator\3.2\PSoC Creator\psoc\content\cycomponentlibrary\CyComponentLibrary.cylib\BLE_v1_10\Library\gccCyBLEStack_BLE_SOC_PERIPHERAL.a(CyBleStackMgr_BleSSDriver.o)
                0x00003674                pf_rf_get_abs_rssi

i.OS_init       0x00003698       0x64
 i.OS_init      0x00003698       0x64 C:\Program Files (x86)\Cypress\PSoC Creator\3.2\PSoC Creator\psoc\content\cycomponentlibrary\CyComponentLibrary.cylib\BLE_v1_10\Library\gccCyBLEStack_BLE_SOC_PERIPHERAL.a(mint_os.o)
                0x00003698                OS_init

i.mintos_malloc
                0x000036fc       0x34
 i.mintos_malloc
                0x000036fc       0x34 C:\Program Files (x86)\Cypress\PSoC Creator\3.2\PSoC Creator\psoc\content\cycomponentlibrary\CyComponentLibrary.cylib\BLE_v1_10\Library\gccCyBLEStack_BLE_SOC_PERIPHERAL.a(mint_os.o)
                0x000036fc                mintos_malloc

i.OS_create_queue
                0x00003730       0x64
 i.OS_create_queue
                0x00003730       0x64 C:\Program Files (x86)\Cypress\PSoC Creator\3.2\PSoC Creator\psoc\content\cycomponentlibrary\CyComponentLibrary.cylib\BLE_v1_10\Library\gccCyBLEStack_BLE_SOC_PERIPHERAL.a(mint_os_queue.o)
                0x00003730                OS_create_queue

i.OS_enqueue_item
                0x00003794       0x8c
 i.OS_enqueue_item
                0x00003794       0x8c C:\Program Files (x86)\Cypress\PSoC Creator\3.2\PSoC Creator\psoc\content\cycomponentlibrary\CyComponentLibrary.cylib\BLE_v1_10\Library\gccCyBLEStack_BLE_SOC_PERIPHERAL.a(mint_os_queue.o)
                0x00003794                OS_enqueue_item

i.OS_queue_get_num_of_items
                0x00003820       0x28
 i.OS_queue_get_num_of_items
                0x00003820       0x28 C:\Program Files (x86)\Cypress\PSoC Creator\3.2\PSoC Creator\psoc\content\cycomponentlibrary\CyComponentLibrary.cylib\BLE_v1_10\Library\gccCyBLEStack_BLE_SOC_PERIPHERAL.a(mint_os_queue.o)
                0x00003820                OS_queue_get_num_of_items

i.OS_queue_mgmt_init
                0x00003848       0x40
 i.OS_queue_mgmt_init
                0x00003848       0x40 C:\Program Files (x86)\Cypress\PSoC Creator\3.2\PSoC Creator\psoc\content\cycomponentlibrary\CyComponentLibrary.cylib\BLE_v1_10\Library\gccCyBLEStack_BLE_SOC_PERIPHERAL.a(mint_os_queue.o)
                0x00003848                OS_queue_mgmt_init

i.OS_remove_item
                0x00003888       0xa0
 i.OS_remove_item
                0x00003888       0xa0 C:\Program Files (x86)\Cypress\PSoC Creator\3.2\PSoC Creator\psoc\content\cycomponentlibrary\CyComponentLibrary.cylib\BLE_v1_10\Library\gccCyBLEStack_BLE_SOC_PERIPHERAL.a(mint_os_queue.o)
                0x00003888                OS_remove_item

i.OS_create_task
                0x00003928       0x88
 i.OS_create_task
                0x00003928       0x88 C:\Program Files (x86)\Cypress\PSoC Creator\3.2\PSoC Creator\psoc\content\cycomponentlibrary\CyComponentLibrary.cylib\BLE_v1_10\Library\gccCyBLEStack_BLE_SOC_PERIPHERAL.a(mint_os_task.o)
                0x00003928                OS_create_task

i.OS_isr_send_signal_to_task
                0x000039b0        0xc
 i.OS_isr_send_signal_to_task
                0x000039b0        0xc C:\Program Files (x86)\Cypress\PSoC Creator\3.2\PSoC Creator\psoc\content\cycomponentlibrary\CyComponentLibrary.cylib\BLE_v1_10\Library\gccCyBLEStack_BLE_SOC_PERIPHERAL.a(mint_os_task.o)
                0x000039b0                OS_isr_send_signal_to_task

i.OS_scheduler  0x000039bc       0x64
 i.OS_scheduler
                0x000039bc       0x64 C:\Program Files (x86)\Cypress\PSoC Creator\3.2\PSoC Creator\psoc\content\cycomponentlibrary\CyComponentLibrary.cylib\BLE_v1_10\Library\gccCyBLEStack_BLE_SOC_PERIPHERAL.a(mint_os_task.o)
                0x000039bc                OS_scheduler

i.OS_send_signal_to_task
                0x00003a20        0xc
 i.OS_send_signal_to_task
                0x00003a20        0xc C:\Program Files (x86)\Cypress\PSoC Creator\3.2\PSoC Creator\psoc\content\cycomponentlibrary\CyComponentLibrary.cylib\BLE_v1_10\Library\gccCyBLEStack_BLE_SOC_PERIPHERAL.a(mint_os_task.o)
                0x00003a20                OS_send_signal_to_task

i.OS_send_signal_to_task_context
                0x00003a2c       0x3c
 i.OS_send_signal_to_task_context
                0x00003a2c       0x3c C:\Program Files (x86)\Cypress\PSoC Creator\3.2\PSoC Creator\psoc\content\cycomponentlibrary\CyComponentLibrary.cylib\BLE_v1_10\Library\gccCyBLEStack_BLE_SOC_PERIPHERAL.a(mint_os_task.o)

i.OS_task_mgmt_init
                0x00003a68       0x50
 i.OS_task_mgmt_init
                0x00003a68       0x50 C:\Program Files (x86)\Cypress\PSoC Creator\3.2\PSoC Creator\psoc\content\cycomponentlibrary\CyComponentLibrary.cylib\BLE_v1_10\Library\gccCyBLEStack_BLE_SOC_PERIPHERAL.a(mint_os_task.o)
                0x00003a68                OS_task_mgmt_init

i.mint_buf_mgmt_allocate_buffer
                0x00003ab8       0x4c
 i.mint_buf_mgmt_allocate_buffer
                0x00003ab8       0x4c C:\Program Files (x86)\Cypress\PSoC Creator\3.2\PSoC Creator\psoc\content\cycomponentlibrary\CyComponentLibrary.cylib\BLE_v1_10\Library\gccCyBLEStack_BLE_SOC_PERIPHERAL.a(mint_buf_mgmt.o)
                0x00003ab8                mint_buf_mgmt_allocate_buffer

i.mint_buf_mgmt_create_pool
                0x00003b04       0xd8
 i.mint_buf_mgmt_create_pool
                0x00003b04       0xd8 C:\Program Files (x86)\Cypress\PSoC Creator\3.2\PSoC Creator\psoc\content\cycomponentlibrary\CyComponentLibrary.cylib\BLE_v1_10\Library\gccCyBLEStack_BLE_SOC_PERIPHERAL.a(mint_buf_mgmt.o)
                0x00003b04                mint_buf_mgmt_create_pool

i.mint_buf_mgmt_free_buffer
                0x00003bdc       0xa4
 i.mint_buf_mgmt_free_buffer
                0x00003bdc       0xa4 C:\Program Files (x86)\Cypress\PSoC Creator\3.2\PSoC Creator\psoc\content\cycomponentlibrary\CyComponentLibrary.cylib\BLE_v1_10\Library\gccCyBLEStack_BLE_SOC_PERIPHERAL.a(mint_buf_mgmt.o)
                0x00003bdc                mint_buf_mgmt_free_buffer

i.mint_buf_mgmt_get_free_heap
                0x00003c80       0x1c
 i.mint_buf_mgmt_get_free_heap
                0x00003c80       0x1c C:\Program Files (x86)\Cypress\PSoC Creator\3.2\PSoC Creator\psoc\content\cycomponentlibrary\CyComponentLibrary.cylib\BLE_v1_10\Library\gccCyBLEStack_BLE_SOC_PERIPHERAL.a(mint_buf_mgmt.o)
                0x00003c80                mint_buf_mgmt_get_free_heap

i.mint_buf_mgmt_init
                0x00003c9c       0x44
 i.mint_buf_mgmt_init
                0x00003c9c       0x44 C:\Program Files (x86)\Cypress\PSoC Creator\3.2\PSoC Creator\psoc\content\cycomponentlibrary\CyComponentLibrary.cylib\BLE_v1_10\Library\gccCyBLEStack_BLE_SOC_PERIPHERAL.a(mint_buf_mgmt.o)
                0x00003c9c                mint_buf_mgmt_init

i.mint_buf_mgmt_malloc
                0x00003ce0       0x2c
 i.mint_buf_mgmt_malloc
                0x00003ce0       0x2c C:\Program Files (x86)\Cypress\PSoC Creator\3.2\PSoC Creator\psoc\content\cycomponentlibrary\CyComponentLibrary.cylib\BLE_v1_10\Library\gccCyBLEStack_BLE_SOC_PERIPHERAL.a(mint_buf_mgmt.o)
                0x00003ce0                mint_buf_mgmt_malloc

i.mint_buf_mgmt_reset_pool
                0x00003d0c       0x70
 i.mint_buf_mgmt_reset_pool
                0x00003d0c       0x70 C:\Program Files (x86)\Cypress\PSoC Creator\3.2\PSoC Creator\psoc\content\cycomponentlibrary\CyComponentLibrary.cylib\BLE_v1_10\Library\gccCyBLEStack_BLE_SOC_PERIPHERAL.a(mint_buf_mgmt.o)
                0x00003d0c                mint_buf_mgmt_reset_pool

i.mint_buf_mgmt_stack_init
                0x00003d7c       0x24
 i.mint_buf_mgmt_stack_init
                0x00003d7c       0x24 C:\Program Files (x86)\Cypress\PSoC Creator\3.2\PSoC Creator\psoc\content\cycomponentlibrary\CyComponentLibrary.cylib\BLE_v1_10\Library\gccCyBLEStack_BLE_SOC_PERIPHERAL.a(mint_buf_mgmt.o)
                0x00003d7c                mint_buf_mgmt_stack_init

i.mint_buf_mgmt_stack_pop
                0x00003da0       0x36
 i.mint_buf_mgmt_stack_pop
                0x00003da0       0x36 C:\Program Files (x86)\Cypress\PSoC Creator\3.2\PSoC Creator\psoc\content\cycomponentlibrary\CyComponentLibrary.cylib\BLE_v1_10\Library\gccCyBLEStack_BLE_SOC_PERIPHERAL.a(mint_buf_mgmt.o)
                0x00003da0                mint_buf_mgmt_stack_pop

i.mint_buf_mgmt_stack_push
                0x00003dd6       0x36
 i.mint_buf_mgmt_stack_push
                0x00003dd6       0x36 C:\Program Files (x86)\Cypress\PSoC Creator\3.2\PSoC Creator\psoc\content\cycomponentlibrary\CyComponentLibrary.cylib\BLE_v1_10\Library\gccCyBLEStack_BLE_SOC_PERIPHERAL.a(mint_buf_mgmt.o)
                0x00003dd6                mint_buf_mgmt_stack_push

i.mint_buf_mgmt_stack_reset
                0x00003e0c       0x1e
 i.mint_buf_mgmt_stack_reset
                0x00003e0c       0x1e C:\Program Files (x86)\Cypress\PSoC Creator\3.2\PSoC Creator\psoc\content\cycomponentlibrary\CyComponentLibrary.cylib\BLE_v1_10\Library\gccCyBLEStack_BLE_SOC_PERIPHERAL.a(mint_buf_mgmt.o)
                0x00003e0c                mint_buf_mgmt_stack_reset

i.mint_buf_mgmt_stack_search_item
                0x00003e2a       0x30
 i.mint_buf_mgmt_stack_search_item
                0x00003e2a       0x30 C:\Program Files (x86)\Cypress\PSoC Creator\3.2\PSoC Creator\psoc\content\cycomponentlibrary\CyComponentLibrary.cylib\BLE_v1_10\Library\gccCyBLEStack_BLE_SOC_PERIPHERAL.a(mint_buf_mgmt.o)
                0x00003e2a                mint_buf_mgmt_stack_search_item

i.mint_buf_mgmt_pl_init
                0x00003e5c       0x2c
 i.mint_buf_mgmt_pl_init
                0x00003e5c       0x2c C:\Program Files (x86)\Cypress\PSoC Creator\3.2\PSoC Creator\psoc\content\cycomponentlibrary\CyComponentLibrary.cylib\BLE_v1_10\Library\gccCyBLEStack_BLE_SOC_PERIPHERAL.a(mint_buf_mgmt_pl.o)
                0x00003e5c                mint_buf_mgmt_pl_init

i.CyBleControllerIP_GetPingState
                0x00003e88        0xc
 i.CyBleControllerIP_GetPingState
                0x00003e88        0xc C:\Program Files (x86)\Cypress\PSoC Creator\3.2\PSoC Creator\psoc\content\cycomponentlibrary\CyComponentLibrary.cylib\BLE_v1_10\Library\gccCyBLEStack_BLE_SOC_PERIPHERAL.a(CyBleControllerIP_Interface.o)
                0x00003e88                CyBleControllerIP_GetPingState

i.CyBleController_AddDeviceToWhiteList
                0x00003e94       0x40
 i.CyBleController_AddDeviceToWhiteList
                0x00003e94       0x40 C:\Program Files (x86)\Cypress\PSoC Creator\3.2\PSoC Creator\psoc\content\cycomponentlibrary\CyComponentLibrary.cylib\BLE_v1_10\Library\gccCyBLEStack_BLE_SOC_PERIPHERAL.a(CyBleControllerIP_Interface.o)
                0x00003e94                CyBleController_AddDeviceToWhiteList

i.CyBleController_ExitLowPowerMode
                0x00003ed4       0x10
 i.CyBleController_ExitLowPowerMode
                0x00003ed4       0x10 C:\Program Files (x86)\Cypress\PSoC Creator\3.2\PSoC Creator\psoc\content\cycomponentlibrary\CyComponentLibrary.cylib\BLE_v1_10\Library\gccCyBLEStack_BLE_SOC_PERIPHERAL.a(CyBleControllerIP_Interface.o)
                0x00003ed4                CyBleController_ExitLowPowerMode

i.CyBleController_Init
                0x00003ee4       0x3c
 i.CyBleController_Init
                0x00003ee4       0x3c C:\Program Files (x86)\Cypress\PSoC Creator\3.2\PSoC Creator\psoc\content\cycomponentlibrary\CyComponentLibrary.cylib\BLE_v1_10\Library\gccCyBLEStack_BLE_SOC_PERIPHERAL.a(CyBleControllerIP_Interface.o)
                0x00003ee4                CyBleController_Init

i.CyBleController_SetDeviceAddress
                0x00003f20       0x2e
 i.CyBleController_SetDeviceAddress
                0x00003f20       0x2e C:\Program Files (x86)\Cypress\PSoC Creator\3.2\PSoC Creator\psoc\content\cycomponentlibrary\CyComponentLibrary.cylib\BLE_v1_10\Library\gccCyBLEStack_BLE_SOC_PERIPHERAL.a(CyBleControllerIP_Interface.o)
                0x00003f20                CyBleController_SetDeviceAddress

i.CyBle_GetTxPowerLevel
                0x00003f4e       0x4e
 i.CyBle_GetTxPowerLevel
                0x00003f4e       0x4e C:\Program Files (x86)\Cypress\PSoC Creator\3.2\PSoC Creator\psoc\content\cycomponentlibrary\CyComponentLibrary.cylib\BLE_v1_10\Library\gccCyBLEStack_BLE_SOC_PERIPHERAL.a(CyBleControllerIP_Interface.o)
                0x00003f4e                CyBle_GetTxPowerLevel

i.CyBle_SetTxPowerLevel
                0x00003f9c       0x56
 i.CyBle_SetTxPowerLevel
                0x00003f9c       0x56 C:\Program Files (x86)\Cypress\PSoC Creator\3.2\PSoC Creator\psoc\content\cycomponentlibrary\CyComponentLibrary.cylib\BLE_v1_10\Library\gccCyBLEStack_BLE_SOC_PERIPHERAL.a(CyBleControllerIP_Interface.o)
                0x00003f9c                CyBle_SetTxPowerLevel

i.ll_check_and_mark_packet_ready_for_transmission
                0x00003ff4       0x28
 i.ll_check_and_mark_packet_ready_for_transmission
                0x00003ff4       0x28 C:\Program Files (x86)\Cypress\PSoC Creator\3.2\PSoC Creator\psoc\content\cycomponentlibrary\CyComponentLibrary.cylib\BLE_v1_10\Library\gccCyBLEStack_BLE_SOC_PERIPHERAL.a(ll.o)
                0x00003ff4                ll_check_and_mark_packet_ready_for_transmission

i.ll_cleanup_pending_data_pdu
                0x0000401c       0x38
 i.ll_cleanup_pending_data_pdu
                0x0000401c       0x38 C:\Program Files (x86)\Cypress\PSoC Creator\3.2\PSoC Creator\psoc\content\cycomponentlibrary\CyComponentLibrary.cylib\BLE_v1_10\Library\gccCyBLEStack_BLE_SOC_PERIPHERAL.a(ll.o)
                0x0000401c                ll_cleanup_pending_data_pdu

i.ll_exit_low_power_mode
                0x00004054       0x98
 i.ll_exit_low_power_mode
                0x00004054       0x98 C:\Program Files (x86)\Cypress\PSoC Creator\3.2\PSoC Creator\psoc\content\cycomponentlibrary\CyComponentLibrary.cylib\BLE_v1_10\Library\gccCyBLEStack_BLE_SOC_PERIPHERAL.a(ll.o)
                0x00004054                ll_exit_low_power_mode

i.ll_get_ack_status
                0x000040ec       0x3c
 i.ll_get_ack_status
                0x000040ec       0x3c C:\Program Files (x86)\Cypress\PSoC Creator\3.2\PSoC Creator\psoc\content\cycomponentlibrary\CyComponentLibrary.cylib\BLE_v1_10\Library\gccCyBLEStack_BLE_SOC_PERIPHERAL.a(ll.o)
                0x000040ec                ll_get_ack_status

i.ll_get_adv_ch_tx_power
                0x00004128       0x20
 i.ll_get_adv_ch_tx_power
                0x00004128       0x20 C:\Program Files (x86)\Cypress\PSoC Creator\3.2\PSoC Creator\psoc\content\cycomponentlibrary\CyComponentLibrary.cylib\BLE_v1_10\Library\gccCyBLEStack_BLE_SOC_PERIPHERAL.a(ll.o)
                0x00004128                ll_get_adv_ch_tx_power

i.ll_get_data_channel_map
                0x00004148       0x24
 i.ll_get_data_channel_map
                0x00004148       0x24 C:\Program Files (x86)\Cypress\PSoC Creator\3.2\PSoC Creator\psoc\content\cycomponentlibrary\CyComponentLibrary.cylib\BLE_v1_10\Library\gccCyBLEStack_BLE_SOC_PERIPHERAL.a(ll.o)
                0x00004148                ll_get_data_channel_map

i.ll_get_max_white_list_size
                0x0000416c        0xc
 i.ll_get_max_white_list_size
                0x0000416c        0xc C:\Program Files (x86)\Cypress\PSoC Creator\3.2\PSoC Creator\psoc\content\cycomponentlibrary\CyComponentLibrary.cylib\BLE_v1_10\Library\gccCyBLEStack_BLE_SOC_PERIPHERAL.a(ll.o)
                0x0000416c                ll_get_max_white_list_size

i.ll_get_my_role
                0x00004178        0xc
 i.ll_get_my_role
                0x00004178        0xc C:\Program Files (x86)\Cypress\PSoC Creator\3.2\PSoC Creator\psoc\content\cycomponentlibrary\CyComponentLibrary.cylib\BLE_v1_10\Library\gccCyBLEStack_BLE_SOC_PERIPHERAL.a(ll.o)
                0x00004178                ll_get_my_role

i.ll_get_next_available_fifo_for_data_pdu
                0x00004184        0x8
 i.ll_get_next_available_fifo_for_data_pdu
                0x00004184        0x8 C:\Program Files (x86)\Cypress\PSoC Creator\3.2\PSoC Creator\psoc\content\cycomponentlibrary\CyComponentLibrary.cylib\BLE_v1_10\Library\gccCyBLEStack_BLE_SOC_PERIPHERAL.a(ll.o)
                0x00004184                ll_get_next_available_fifo_for_data_pdu

i.ll_get_next_available_fifo_for_ll_pdu
                0x0000418c       0x24
 i.ll_get_next_available_fifo_for_ll_pdu
                0x0000418c       0x24 C:\Program Files (x86)\Cypress\PSoC Creator\3.2\PSoC Creator\psoc\content\cycomponentlibrary\CyComponentLibrary.cylib\BLE_v1_10\Library\gccCyBLEStack_BLE_SOC_PERIPHERAL.a(ll.o)
                0x0000418c                ll_get_next_available_fifo_for_ll_pdu

i.ll_get_rssi_value
                0x000041b0       0x26
 i.ll_get_rssi_value
                0x000041b0       0x26 C:\Program Files (x86)\Cypress\PSoC Creator\3.2\PSoC Creator\psoc\content\cycomponentlibrary\CyComponentLibrary.cylib\BLE_v1_10\Library\gccCyBLEStack_BLE_SOC_PERIPHERAL.a(ll.o)
                0x000041b0                ll_get_rssi_value

i.ll_get_transmit_power_level
                0x000041d8       0x2c
 i.ll_get_transmit_power_level
                0x000041d8       0x2c C:\Program Files (x86)\Cypress\PSoC Creator\3.2\PSoC Creator\psoc\content\cycomponentlibrary\CyComponentLibrary.cylib\BLE_v1_10\Library\gccCyBLEStack_BLE_SOC_PERIPHERAL.a(ll.o)
                0x000041d8                ll_get_transmit_power_level

i.ll_handle_ack_received
                0x00004204       0x74
 i.ll_handle_ack_received
                0x00004204       0x74 C:\Program Files (x86)\Cypress\PSoC Creator\3.2\PSoC Creator\psoc\content\cycomponentlibrary\CyComponentLibrary.cylib\BLE_v1_10\Library\gccCyBLEStack_BLE_SOC_PERIPHERAL.a(ll.o)
                0x00004204                ll_handle_ack_received

i.ll_handle_add_device_in_whitelist
                0x00004278       0x3a
 i.ll_handle_add_device_in_whitelist
                0x00004278       0x3a C:\Program Files (x86)\Cypress\PSoC Creator\3.2\PSoC Creator\psoc\content\cycomponentlibrary\CyComponentLibrary.cylib\BLE_v1_10\Library\gccCyBLEStack_BLE_SOC_PERIPHERAL.a(ll.o)
                0x00004278                ll_handle_add_device_in_whitelist

i.ll_handle_clear_whitelist
                0x000042b2       0x16
 i.ll_handle_clear_whitelist
                0x000042b2       0x16 C:\Program Files (x86)\Cypress\PSoC Creator\3.2\PSoC Creator\psoc\content\cycomponentlibrary\CyComponentLibrary.cylib\BLE_v1_10\Library\gccCyBLEStack_BLE_SOC_PERIPHERAL.a(ll.o)
                0x000042b2                ll_handle_clear_whitelist

i.ll_handle_encrypt_host_data
                0x000042c8       0x36
 i.ll_handle_encrypt_host_data
                0x000042c8       0x36 C:\Program Files (x86)\Cypress\PSoC Creator\3.2\PSoC Creator\psoc\content\cycomponentlibrary\CyComponentLibrary.cylib\BLE_v1_10\Library\gccCyBLEStack_BLE_SOC_PERIPHERAL.a(ll.o)
                0x000042c8                ll_handle_encrypt_host_data

i.ll_handle_host_data_packet
                0x000042fe       0x54
 i.ll_handle_host_data_packet
                0x000042fe       0x54 C:\Program Files (x86)\Cypress\PSoC Creator\3.2\PSoC Creator\psoc\content\cycomponentlibrary\CyComponentLibrary.cylib\BLE_v1_10\Library\gccCyBLEStack_BLE_SOC_PERIPHERAL.a(ll.o)
                0x000042fe                ll_handle_host_data_packet

i.ll_handle_read_host_channel_map
                0x00004352        0x4
 i.ll_handle_read_host_channel_map
                0x00004352        0x4 C:\Program Files (x86)\Cypress\PSoC Creator\3.2\PSoC Creator\psoc\content\cycomponentlibrary\CyComponentLibrary.cylib\BLE_v1_10\Library\gccCyBLEStack_BLE_SOC_PERIPHERAL.a(ll.o)
                0x00004352                ll_handle_read_host_channel_map

i.ll_handle_remove_device_in_whitelist
                0x00004356       0x2a
 i.ll_handle_remove_device_in_whitelist
                0x00004356       0x2a C:\Program Files (x86)\Cypress\PSoC Creator\3.2\PSoC Creator\psoc\content\cycomponentlibrary\CyComponentLibrary.cylib\BLE_v1_10\Library\gccCyBLEStack_BLE_SOC_PERIPHERAL.a(ll.o)
                0x00004356                ll_handle_remove_device_in_whitelist

i.ll_handle_reset
                0x00004380        0xe
 i.ll_handle_reset
                0x00004380        0xe C:\Program Files (x86)\Cypress\PSoC Creator\3.2\PSoC Creator\psoc\content\cycomponentlibrary\CyComponentLibrary.cylib\BLE_v1_10\Library\gccCyBLEStack_BLE_SOC_PERIPHERAL.a(ll.o)
                0x00004380                ll_handle_reset

i.ll_handle_set_random_address
                0x0000438e       0x36
 i.ll_handle_set_random_address
                0x0000438e       0x36 C:\Program Files (x86)\Cypress\PSoC Creator\3.2\PSoC Creator\psoc\content\cycomponentlibrary\CyComponentLibrary.cylib\BLE_v1_10\Library\gccCyBLEStack_BLE_SOC_PERIPHERAL.a(ll.o)
                0x0000438e                ll_handle_set_random_address

i.ll_init       0x000043c4       0x18
 i.ll_init      0x000043c4       0x18 C:\Program Files (x86)\Cypress\PSoC Creator\3.2\PSoC Creator\psoc\content\cycomponentlibrary\CyComponentLibrary.cylib\BLE_v1_10\Library\gccCyBLEStack_BLE_SOC_PERIPHERAL.a(ll.o)
                0x000043c4                ll_init

i.ll_initialize_device_attributes
                0x000043dc       0x4c
 i.ll_initialize_device_attributes
                0x000043dc       0x4c C:\Program Files (x86)\Cypress\PSoC Creator\3.2\PSoC Creator\psoc\content\cycomponentlibrary\CyComponentLibrary.cylib\BLE_v1_10\Library\gccCyBLEStack_BLE_SOC_PERIPHERAL.a(ll.o)
                0x000043dc                ll_initialize_device_attributes

i.ll_is_pkt_pending
                0x00004428       0x2a
 i.ll_is_pkt_pending
                0x00004428       0x2a C:\Program Files (x86)\Cypress\PSoC Creator\3.2\PSoC Creator\psoc\content\cycomponentlibrary\CyComponentLibrary.cylib\BLE_v1_10\Library\gccCyBLEStack_BLE_SOC_PERIPHERAL.a(ll.o)
                0x00004428                ll_is_pkt_pending

i.ll_is_sent_pkt_pending
                0x00004452       0x1a
 i.ll_is_sent_pkt_pending
                0x00004452       0x1a C:\Program Files (x86)\Cypress\PSoC Creator\3.2\PSoC Creator\psoc\content\cycomponentlibrary\CyComponentLibrary.cylib\BLE_v1_10\Library\gccCyBLEStack_BLE_SOC_PERIPHERAL.a(ll.o)
                0x00004452                ll_is_sent_pkt_pending

i.ll_isr_exit_low_power_mode
                0x0000446c       0x16
 i.ll_isr_exit_low_power_mode
                0x0000446c       0x16 C:\Program Files (x86)\Cypress\PSoC Creator\3.2\PSoC Creator\psoc\content\cycomponentlibrary\CyComponentLibrary.cylib\BLE_v1_10\Library\gccCyBLEStack_BLE_SOC_PERIPHERAL.a(ll.o)
                0x0000446c                ll_isr_exit_low_power_mode

i.ll_load_host_data_packet
                0x00004482       0x4a
 i.ll_load_host_data_packet
                0x00004482       0x4a C:\Program Files (x86)\Cypress\PSoC Creator\3.2\PSoC Creator\psoc\content\cycomponentlibrary\CyComponentLibrary.cylib\BLE_v1_10\Library\gccCyBLEStack_BLE_SOC_PERIPHERAL.a(ll.o)
                0x00004482                ll_load_host_data_packet

i.ll_load_packet_to_fifo
                0x000044cc       0x6e
 i.ll_load_packet_to_fifo
                0x000044cc       0x6e C:\Program Files (x86)\Cypress\PSoC Creator\3.2\PSoC Creator\psoc\content\cycomponentlibrary\CyComponentLibrary.cylib\BLE_v1_10\Library\gccCyBLEStack_BLE_SOC_PERIPHERAL.a(ll.o)
                0x000044cc                ll_load_packet_to_fifo

i.ll_process_acks
                0x0000453a       0x3c
 i.ll_process_acks
                0x0000453a       0x3c C:\Program Files (x86)\Cypress\PSoC Creator\3.2\PSoC Creator\psoc\content\cycomponentlibrary\CyComponentLibrary.cylib\BLE_v1_10\Library\gccCyBLEStack_BLE_SOC_PERIPHERAL.a(ll.o)
                0x0000453a                ll_process_acks

i.ll_reset      0x00004576       0x12
 i.ll_reset     0x00004576       0x12 C:\Program Files (x86)\Cypress\PSoC Creator\3.2\PSoC Creator\psoc\content\cycomponentlibrary\CyComponentLibrary.cylib\BLE_v1_10\Library\gccCyBLEStack_BLE_SOC_PERIPHERAL.a(ll.o)
                0x00004576                ll_reset

i.ll_update_active_features
                0x00004588       0x58
 i.ll_update_active_features
                0x00004588       0x58 C:\Program Files (x86)\Cypress\PSoC Creator\3.2\PSoC Creator\psoc\content\cycomponentlibrary\CyComponentLibrary.cylib\BLE_v1_10\Library\gccCyBLEStack_BLE_SOC_PERIPHERAL.a(ll.o)
                0x00004588                ll_update_active_features

i.ll_update_device_fsm
                0x000045e0        0x8
 i.ll_update_device_fsm
                0x000045e0        0x8 C:\Program Files (x86)\Cypress\PSoC Creator\3.2\PSoC Creator\psoc\content\cycomponentlibrary\CyComponentLibrary.cylib\BLE_v1_10\Library\gccCyBLEStack_BLE_SOC_PERIPHERAL.a(ll.o)
                0x000045e0                ll_update_device_fsm

i.pf_le_start_timer
                0x000045e8       0x16
 i.pf_le_start_timer
                0x000045e8       0x16 C:\Program Files (x86)\Cypress\PSoC Creator\3.2\PSoC Creator\psoc\content\cycomponentlibrary\CyComponentLibrary.cylib\BLE_v1_10\Library\gccCyBLEStack_BLE_SOC_PERIPHERAL.a(ll.o)
                0x000045e8                pf_le_start_timer

i.pf_le_stop_timer
                0x000045fe       0x12
 i.pf_le_stop_timer
                0x000045fe       0x12 C:\Program Files (x86)\Cypress\PSoC Creator\3.2\PSoC Creator\psoc\content\cycomponentlibrary\CyComponentLibrary.cylib\BLE_v1_10\Library\gccCyBLEStack_BLE_SOC_PERIPHERAL.a(ll.o)
                0x000045fe                pf_le_stop_timer

i.CyBleControllerIP_TuneAdvEventInterPktSlots
                0x00004610       0x44
 i.CyBleControllerIP_TuneAdvEventInterPktSlots
                0x00004610       0x44 C:\Program Files (x86)\Cypress\PSoC Creator\3.2\PSoC Creator\psoc\content\cycomponentlibrary\CyComponentLibrary.cylib\BLE_v1_10\Library\gccCyBLEStack_BLE_SOC_PERIPHERAL.a(ll_advertiser.o)
                0x00004610                CyBleControllerIP_TuneAdvEventInterPktSlots

i.ll_adv_is_configured_connection_adv
                0x00004654       0x1e
 i.ll_adv_is_configured_connection_adv
                0x00004654       0x1e C:\Program Files (x86)\Cypress\PSoC Creator\3.2\PSoC Creator\psoc\content\cycomponentlibrary\CyComponentLibrary.cylib\BLE_v1_10\Library\gccCyBLEStack_BLE_SOC_PERIPHERAL.a(ll_advertiser.o)
                0x00004654                ll_adv_is_configured_connection_adv

i.ll_check_random_address_in_use_by_advertiser
                0x00004672       0x10
 i.ll_check_random_address_in_use_by_advertiser
                0x00004672       0x10 C:\Program Files (x86)\Cypress\PSoC Creator\3.2\PSoC Creator\psoc\content\cycomponentlibrary\CyComponentLibrary.cylib\BLE_v1_10\Library\gccCyBLEStack_BLE_SOC_PERIPHERAL.a(ll_advertiser.o)
                0x00004672                ll_check_random_address_in_use_by_advertiser

i.ll_check_whitelist_in_use_by_advertiser
                0x00004682       0x10
 i.ll_check_whitelist_in_use_by_advertiser
                0x00004682       0x10 C:\Program Files (x86)\Cypress\PSoC Creator\3.2\PSoC Creator\psoc\content\cycomponentlibrary\CyComponentLibrary.cylib\BLE_v1_10\Library\gccCyBLEStack_BLE_SOC_PERIPHERAL.a(ll_advertiser.o)
                0x00004682                ll_check_whitelist_in_use_by_advertiser

i.ll_get_adv_status
                0x00004692        0xc
 i.ll_get_adv_status
                0x00004692        0xc C:\Program Files (x86)\Cypress\PSoC Creator\3.2\PSoC Creator\psoc\content\cycomponentlibrary\CyComponentLibrary.cylib\BLE_v1_10\Library\gccCyBLEStack_BLE_SOC_PERIPHERAL.a(ll_advertiser.o)
                0x00004692                ll_get_adv_status

i.ll_get_adv_type
                0x0000469e       0x16
 i.ll_get_adv_type
                0x0000469e       0x16 C:\Program Files (x86)\Cypress\PSoC Creator\3.2\PSoC Creator\psoc\content\cycomponentlibrary\CyComponentLibrary.cylib\BLE_v1_10\Library\gccCyBLEStack_BLE_SOC_PERIPHERAL.a(ll_advertiser.o)
                0x0000469e                ll_get_adv_type

i.ll_handle_adv_intr
                0x000046b4       0x50
 i.ll_handle_adv_intr
                0x000046b4       0x50 C:\Program Files (x86)\Cypress\PSoC Creator\3.2\PSoC Creator\psoc\content\cycomponentlibrary\CyComponentLibrary.cylib\BLE_v1_10\Library\gccCyBLEStack_BLE_SOC_PERIPHERAL.a(ll_advertiser.o)
                0x000046b4                ll_handle_adv_intr

i.ll_handle_set_adv_data
                0x00004704       0x14
 i.ll_handle_set_adv_data
                0x00004704       0x14 C:\Program Files (x86)\Cypress\PSoC Creator\3.2\PSoC Creator\psoc\content\cycomponentlibrary\CyComponentLibrary.cylib\BLE_v1_10\Library\gccCyBLEStack_BLE_SOC_PERIPHERAL.a(ll_advertiser.o)
                0x00004704                ll_handle_set_adv_data

i.ll_handle_set_adv_parameters
                0x00004718       0x84
 i.ll_handle_set_adv_parameters
                0x00004718       0x84 C:\Program Files (x86)\Cypress\PSoC Creator\3.2\PSoC Creator\psoc\content\cycomponentlibrary\CyComponentLibrary.cylib\BLE_v1_10\Library\gccCyBLEStack_BLE_SOC_PERIPHERAL.a(ll_advertiser.o)
                0x00004718                ll_handle_set_adv_parameters

i.ll_handle_set_advertise_enable
                0x0000479c       0x70
 i.ll_handle_set_advertise_enable
                0x0000479c       0x70 C:\Program Files (x86)\Cypress\PSoC Creator\3.2\PSoC Creator\psoc\content\cycomponentlibrary\CyComponentLibrary.cylib\BLE_v1_10\Library\gccCyBLEStack_BLE_SOC_PERIPHERAL.a(ll_advertiser.o)
                0x0000479c                ll_handle_set_advertise_enable

i.ll_handle_set_scan_resp_data
                0x0000480c       0x14
 i.ll_handle_set_scan_resp_data
                0x0000480c       0x14 C:\Program Files (x86)\Cypress\PSoC Creator\3.2\PSoC Creator\psoc\content\cycomponentlibrary\CyComponentLibrary.cylib\BLE_v1_10\Library\gccCyBLEStack_BLE_SOC_PERIPHERAL.a(ll_advertiser.o)
                0x0000480c                ll_handle_set_scan_resp_data

i.ll_init_advertiser
                0x00004820       0x68
 i.ll_init_advertiser
                0x00004820       0x68 C:\Program Files (x86)\Cypress\PSoC Creator\3.2\PSoC Creator\psoc\content\cycomponentlibrary\CyComponentLibrary.cylib\BLE_v1_10\Library\gccCyBLEStack_BLE_SOC_PERIPHERAL.a(ll_advertiser.o)
                0x00004820                ll_init_advertiser

i.is_le_connection_handle
                0x00004888       0x28
 i.is_le_connection_handle
                0x00004888       0x28 C:\Program Files (x86)\Cypress\PSoC Creator\3.2\PSoC Creator\psoc\content\cycomponentlibrary\CyComponentLibrary.cylib\BLE_v1_10\Library\gccCyBLEStack_BLE_SOC_PERIPHERAL.a(ll_connection.o)
                0x00004888                is_le_connection_handle

i.le_assign_connection_handle
                0x000048b0       0x28
 i.le_assign_connection_handle
                0x000048b0       0x28 C:\Program Files (x86)\Cypress\PSoC Creator\3.2\PSoC Creator\psoc\content\cycomponentlibrary\CyComponentLibrary.cylib\BLE_v1_10\Library\gccCyBLEStack_BLE_SOC_PERIPHERAL.a(ll_connection.o)
                0x000048b0                le_assign_connection_handle

i.le_get_connection_index
                0x000048d8        0x6
 i.le_get_connection_index
                0x000048d8        0x6 C:\Program Files (x86)\Cypress\PSoC Creator\3.2\PSoC Creator\psoc\content\cycomponentlibrary\CyComponentLibrary.cylib\BLE_v1_10\Library\gccCyBLEStack_BLE_SOC_PERIPHERAL.a(ll_connection.o)
                0x000048d8                le_get_connection_index

i.ll_allocate_connection
                0x000048e0       0x44
 i.ll_allocate_connection
                0x000048e0       0x44 C:\Program Files (x86)\Cypress\PSoC Creator\3.2\PSoC Creator\psoc\content\cycomponentlibrary\CyComponentLibrary.cylib\BLE_v1_10\Library\gccCyBLEStack_BLE_SOC_PERIPHERAL.a(ll_connection.o)
                0x000048e0                ll_allocate_connection

i.ll_calculate_and_program_def_win_widen_drift
                0x00004924       0x14
 i.ll_calculate_and_program_def_win_widen_drift
                0x00004924       0x14 C:\Program Files (x86)\Cypress\PSoC Creator\3.2\PSoC Creator\psoc\content\cycomponentlibrary\CyComponentLibrary.cylib\BLE_v1_10\Library\gccCyBLEStack_BLE_SOC_PERIPHERAL.a(ll_connection.o)
                0x00004924                ll_calculate_and_program_def_win_widen_drift

i.ll_calculate_drift
                0x00004938       0x2c
 i.ll_calculate_drift
                0x00004938       0x2c C:\Program Files (x86)\Cypress\PSoC Creator\3.2\PSoC Creator\psoc\content\cycomponentlibrary\CyComponentLibrary.cylib\BLE_v1_10\Library\gccCyBLEStack_BLE_SOC_PERIPHERAL.a(ll_connection.o)
                0x00004938                ll_calculate_drift

i.ll_check_and_decrypt_ll_pdu
                0x00004964       0x68
 i.ll_check_and_decrypt_ll_pdu
                0x00004964       0x68 C:\Program Files (x86)\Cypress\PSoC Creator\3.2\PSoC Creator\psoc\content\cycomponentlibrary\CyComponentLibrary.cylib\BLE_v1_10\Library\gccCyBLEStack_BLE_SOC_PERIPHERAL.a(ll_connection.o)
                0x00004964                ll_check_and_decrypt_ll_pdu

i.ll_check_and_decrypt_packet
                0x000049cc       0x6a
 i.ll_check_and_decrypt_packet
                0x000049cc       0x6a C:\Program Files (x86)\Cypress\PSoC Creator\3.2\PSoC Creator\psoc\content\cycomponentlibrary\CyComponentLibrary.cylib\BLE_v1_10\Library\gccCyBLEStack_BLE_SOC_PERIPHERAL.a(ll_connection.o)
                0x000049cc                ll_check_and_decrypt_packet

i.ll_check_and_encrypt_ll_pdu
                0x00004a36       0x72
 i.ll_check_and_encrypt_ll_pdu
                0x00004a36       0x72 C:\Program Files (x86)\Cypress\PSoC Creator\3.2\PSoC Creator\psoc\content\cycomponentlibrary\CyComponentLibrary.cylib\BLE_v1_10\Library\gccCyBLEStack_BLE_SOC_PERIPHERAL.a(ll_connection.o)
                0x00004a36                ll_check_and_encrypt_ll_pdu

i.ll_check_and_encrypt_packet
                0x00004aa8       0x8a
 i.ll_check_and_encrypt_packet
                0x00004aa8       0x8a C:\Program Files (x86)\Cypress\PSoC Creator\3.2\PSoC Creator\psoc\content\cycomponentlibrary\CyComponentLibrary.cylib\BLE_v1_10\Library\gccCyBLEStack_BLE_SOC_PERIPHERAL.a(ll_connection.o)
                0x00004aa8                ll_check_and_encrypt_packet

i.ll_check_for_allowing_incoming_connection_update
                0x00004b32       0x42
 i.ll_check_for_allowing_incoming_connection_update
                0x00004b32       0x42 C:\Program Files (x86)\Cypress\PSoC Creator\3.2\PSoC Creator\psoc\content\cycomponentlibrary\CyComponentLibrary.cylib\BLE_v1_10\Library\gccCyBLEStack_BLE_SOC_PERIPHERAL.a(ll_connection.o)
                0x00004b32                ll_check_for_allowing_incoming_connection_update

i.ll_check_if_pdu_is_loaded_to_hardware
                0x00004b74       0x1c
 i.ll_check_if_pdu_is_loaded_to_hardware
                0x00004b74       0x1c C:\Program Files (x86)\Cypress\PSoC Creator\3.2\PSoC Creator\psoc\content\cycomponentlibrary\CyComponentLibrary.cylib\BLE_v1_10\Library\gccCyBLEStack_BLE_SOC_PERIPHERAL.a(ll_connection.o)
                0x00004b74                ll_check_if_pdu_is_loaded_to_hardware

i.ll_check_random_address_in_use_by_initiator
                0x00004b90       0x30
 i.ll_check_random_address_in_use_by_initiator
                0x00004b90       0x30 C:\Program Files (x86)\Cypress\PSoC Creator\3.2\PSoC Creator\psoc\content\cycomponentlibrary\CyComponentLibrary.cylib\BLE_v1_10\Library\gccCyBLEStack_BLE_SOC_PERIPHERAL.a(ll_connection.o)
                0x00004b90                ll_check_random_address_in_use_by_initiator

i.ll_check_white_list_in_use_by_initiator
                0x00004bc0       0x30
 i.ll_check_white_list_in_use_by_initiator
                0x00004bc0       0x30 C:\Program Files (x86)\Cypress\PSoC Creator\3.2\PSoC Creator\psoc\content\cycomponentlibrary\CyComponentLibrary.cylib\BLE_v1_10\Library\gccCyBLEStack_BLE_SOC_PERIPHERAL.a(ll_connection.o)
                0x00004bc0                ll_check_white_list_in_use_by_initiator

i.ll_conn_free_enc_txn_buffer
                0x00004bf0       0x16
 i.ll_conn_free_enc_txn_buffer
                0x00004bf0       0x16 C:\Program Files (x86)\Cypress\PSoC Creator\3.2\PSoC Creator\psoc\content\cycomponentlibrary\CyComponentLibrary.cylib\BLE_v1_10\Library\gccCyBLEStack_BLE_SOC_PERIPHERAL.a(ll_connection.o)
                0x00004bf0                ll_conn_free_enc_txn_buffer

i.ll_conn_fsm_update_channel_state
                0x00004c06        0x6
 i.ll_conn_fsm_update_channel_state
                0x00004c06        0x6 C:\Program Files (x86)\Cypress\PSoC Creator\3.2\PSoC Creator\psoc\content\cycomponentlibrary\CyComponentLibrary.cylib\BLE_v1_10\Library\gccCyBLEStack_BLE_SOC_PERIPHERAL.a(ll_connection.o)
                0x00004c06                ll_conn_fsm_update_channel_state

i.ll_conn_fsm_update_conn_update_state
                0x00004c0c        0x6
 i.ll_conn_fsm_update_conn_update_state
                0x00004c0c        0x6 C:\Program Files (x86)\Cypress\PSoC Creator\3.2\PSoC Creator\psoc\content\cycomponentlibrary\CyComponentLibrary.cylib\BLE_v1_10\Library\gccCyBLEStack_BLE_SOC_PERIPHERAL.a(ll_connection.o)
                0x00004c0c                ll_conn_fsm_update_conn_update_state

i.ll_conn_fsm_update_enc_state
                0x00004c12        0x6
 i.ll_conn_fsm_update_enc_state
                0x00004c12        0x6 C:\Program Files (x86)\Cypress\PSoC Creator\3.2\PSoC Creator\psoc\content\cycomponentlibrary\CyComponentLibrary.cylib\BLE_v1_10\Library\gccCyBLEStack_BLE_SOC_PERIPHERAL.a(ll_connection.o)
                0x00004c12                ll_conn_fsm_update_enc_state

i.ll_conn_fsm_update_state
                0x00004c18        0x4
 i.ll_conn_fsm_update_state
                0x00004c18        0x4 C:\Program Files (x86)\Cypress\PSoC Creator\3.2\PSoC Creator\psoc\content\cycomponentlibrary\CyComponentLibrary.cylib\BLE_v1_10\Library\gccCyBLEStack_BLE_SOC_PERIPHERAL.a(ll_connection.o)
                0x00004c18                ll_conn_fsm_update_state

i.ll_conn_handle_data_pdu_from_host_when_data_paused
                0x00004c1c        0x8
 i.ll_conn_handle_data_pdu_from_host_when_data_paused
                0x00004c1c        0x8 C:\Program Files (x86)\Cypress\PSoC Creator\3.2\PSoC Creator\psoc\content\cycomponentlibrary\CyComponentLibrary.cylib\BLE_v1_10\Library\gccCyBLEStack_BLE_SOC_PERIPHERAL.a(ll_connection.o)
                0x00004c1c                ll_conn_handle_data_pdu_from_host_when_data_paused

i.ll_conn_handle_direct_adv_timeout
                0x00004c24       0x2a
 i.ll_conn_handle_direct_adv_timeout
                0x00004c24       0x2a C:\Program Files (x86)\Cypress\PSoC Creator\3.2\PSoC Creator\psoc\content\cycomponentlibrary\CyComponentLibrary.cylib\BLE_v1_10\Library\gccCyBLEStack_BLE_SOC_PERIPHERAL.a(ll_connection.o)
                0x00004c24                ll_conn_handle_direct_adv_timeout

i.ll_conn_handle_ping_timer_expired_interrupt
                0x00004c50       0x1c
 i.ll_conn_handle_ping_timer_expired_interrupt
                0x00004c50       0x1c C:\Program Files (x86)\Cypress\PSoC Creator\3.2\PSoC Creator\psoc\content\cycomponentlibrary\CyComponentLibrary.cylib\BLE_v1_10\Library\gccCyBLEStack_BLE_SOC_PERIPHERAL.a(ll_connection.o)
                0x00004c50                ll_conn_handle_ping_timer_expired_interrupt

i.ll_conn_handle_ping_timer_nearly_expired_interrupt
                0x00004c6c       0x20
 i.ll_conn_handle_ping_timer_nearly_expired_interrupt
                0x00004c6c       0x20 C:\Program Files (x86)\Cypress\PSoC Creator\3.2\PSoC Creator\psoc\content\cycomponentlibrary\CyComponentLibrary.cylib\BLE_v1_10\Library\gccCyBLEStack_BLE_SOC_PERIPHERAL.a(ll_connection.o)
                0x00004c6c                ll_conn_handle_ping_timer_nearly_expired_interrupt

i.ll_conn_handle_stop_connectable_adv
                0x00004c8c       0x12
 i.ll_conn_handle_stop_connectable_adv
                0x00004c8c       0x12 C:\Program Files (x86)\Cypress\PSoC Creator\3.2\PSoC Creator\psoc\content\cycomponentlibrary\CyComponentLibrary.cylib\BLE_v1_10\Library\gccCyBLEStack_BLE_SOC_PERIPHERAL.a(ll_connection.o)
                0x00004c8c                ll_conn_handle_stop_connectable_adv

i.ll_conn_process_pending_transactions
                0x00004c9e        0x4
 i.ll_conn_process_pending_transactions
                0x00004c9e        0x4 C:\Program Files (x86)\Cypress\PSoC Creator\3.2\PSoC Creator\psoc\content\cycomponentlibrary\CyComponentLibrary.cylib\BLE_v1_10\Library\gccCyBLEStack_BLE_SOC_PERIPHERAL.a(ll_connection.o)
                0x00004c9e                ll_conn_process_pending_transactions

i.ll_conn_program_authenticated_payload_timer
                0x00004ca4       0x50
 i.ll_conn_program_authenticated_payload_timer
                0x00004ca4       0x50 C:\Program Files (x86)\Cypress\PSoC Creator\3.2\PSoC Creator\psoc\content\cycomponentlibrary\CyComponentLibrary.cylib\BLE_v1_10\Library\gccCyBLEStack_BLE_SOC_PERIPHERAL.a(ll_connection.o)
                0x00004ca4                ll_conn_program_authenticated_payload_timer

i.ll_conn_read_data_pdu_from_hardware
                0x00004cf4       0x14
 i.ll_conn_read_data_pdu_from_hardware
                0x00004cf4       0x14 C:\Program Files (x86)\Cypress\PSoC Creator\3.2\PSoC Creator\psoc\content\cycomponentlibrary\CyComponentLibrary.cylib\BLE_v1_10\Library\gccCyBLEStack_BLE_SOC_PERIPHERAL.a(ll_connection.o)
                0x00004cf4                ll_conn_read_data_pdu_from_hardware

i.ll_conn_send_ping_req_pdu
                0x00004d08       0x40
 i.ll_conn_send_ping_req_pdu
                0x00004d08       0x40 C:\Program Files (x86)\Cypress\PSoC Creator\3.2\PSoC Creator\psoc\content\cycomponentlibrary\CyComponentLibrary.cylib\BLE_v1_10\Library\gccCyBLEStack_BLE_SOC_PERIPHERAL.a(ll_connection.o)
                0x00004d08                ll_conn_send_ping_req_pdu

i.ll_conn_store_pending_tx_pdu
                0x00004d48       0x1a
 i.ll_conn_store_pending_tx_pdu
                0x00004d48       0x1a C:\Program Files (x86)\Cypress\PSoC Creator\3.2\PSoC Creator\psoc\content\cycomponentlibrary\CyComponentLibrary.cylib\BLE_v1_10\Library\gccCyBLEStack_BLE_SOC_PERIPHERAL.a(ll_connection.o)
                0x00004d48                ll_conn_store_pending_tx_pdu

i.ll_conn_update_rssi
                0x00004d62       0x16
 i.ll_conn_update_rssi
                0x00004d62       0x16 C:\Program Files (x86)\Cypress\PSoC Creator\3.2\PSoC Creator\psoc\content\cycomponentlibrary\CyComponentLibrary.cylib\BLE_v1_10\Library\gccCyBLEStack_BLE_SOC_PERIPHERAL.a(ll_connection.o)
                0x00004d62                ll_conn_update_rssi

i.ll_convert_hci_llid_to_ll_llid_host_to_controller
                0x00004d78        0x8
 i.ll_convert_hci_llid_to_ll_llid_host_to_controller
                0x00004d78        0x8 C:\Program Files (x86)\Cypress\PSoC Creator\3.2\PSoC Creator\psoc\content\cycomponentlibrary\CyComponentLibrary.cylib\BLE_v1_10\Library\gccCyBLEStack_BLE_SOC_PERIPHERAL.a(ll_connection.o)
                0x00004d78                ll_convert_hci_llid_to_ll_llid_host_to_controller

i.ll_convert_ll_llid_to_hci_llid_controller_to_host
                0x00004d80        0x2
 i.ll_convert_ll_llid_to_hci_llid_controller_to_host
                0x00004d80        0x2 C:\Program Files (x86)\Cypress\PSoC Creator\3.2\PSoC Creator\psoc\content\cycomponentlibrary\CyComponentLibrary.cylib\BLE_v1_10\Library\gccCyBLEStack_BLE_SOC_PERIPHERAL.a(ll_connection.o)
                0x00004d80                ll_convert_ll_llid_to_hci_llid_controller_to_host

i.ll_decode_and_program_connect_req